
 /----------------------------------------------------------------------------\
 |  yosys -- Yosys Open SYnthesis Suite                                       |
 |  Copyright (C) 2012 - 2026  Claire Xenia Wolf <claire@yosyshq.com>         |
 |  Distributed under an ISC-like license, type "license" to see terms        |
 \----------------------------------------------------------------------------/
 Yosys 0.67+ (git sha1 30fe16c7f, MSVC D:/Program_Files/VS2022/VC/Tools/MSVC/14.51.36231/bin/Hostx64/x64/cl.exe 19.51.36243.0)

-- Executing script file `E:\EDA_Race\Cangku\new\SigFlow_FPGA\examples\tracebridge_tangnano9k\.sigflow\fpga\runs\20260912T090024-000001\scripts\run_yosys.ys' --

1. Executing Verilog-2005 frontend: E:/EDA_Race/Cangku/new/SigFlow_FPGA/examples/tracebridge_tangnano9k/rtl/min_led_uart_top.v
Parsing Verilog input from `E:/EDA_Race/Cangku/new/SigFlow_FPGA/examples/tracebridge_tangnano9k/rtl/min_led_uart_top.v' to AST representation.
Generating RTLIL representation for module `\min_led_uart_top'.
Successfully finished Verilog frontend.

2. Executing HIERARCHY pass (managing design hierarchy).

2.1. Analyzing design hierarchy..
Top module:  \min_led_uart_top

2.2. Analyzing design hierarchy..
Top module:  \min_led_uart_top
Removed 0 unused modules.

3. Executing SYNTH_GOWIN pass.

3.1. Executing Verilog-2005 frontend: E:\EDA_Race\Cangku\new\SigFlow_FPGA_Cmake\external\fpga-tools\runtime\yosys\bin\..\share\gowin/cells_sim.v
Parsing Verilog input from `E:\EDA_Race\Cangku\new\SigFlow_FPGA_Cmake\external\fpga-tools\runtime\yosys\bin\..\share\gowin/cells_sim.v' to AST representation.
Generating RTLIL representation for module `\LUT1'.
Generating RTLIL representation for module `\LUT2'.
Generating RTLIL representation for module `\LUT3'.
Generating RTLIL representation for module `\LUT4'.
Generating RTLIL representation for module `\__APICULA_LUT5'.
Generating RTLIL representation for module `\__APICULA_LUT6'.
Generating RTLIL representation for module `\__APICULA_LUT7'.
Generating RTLIL representation for module `\__APICULA_LUT8'.
Generating RTLIL representation for module `\MUX2'.
Generating RTLIL representation for module `\MUX2_LUT5'.
Generating RTLIL representation for module `\MUX2_LUT6'.
Generating RTLIL representation for module `\MUX2_LUT7'.
Generating RTLIL representation for module `\MUX2_LUT8'.
Generating RTLIL representation for module `\DFF'.
Generating RTLIL representation for module `\DFFE'.
Generating RTLIL representation for module `\DFFS'.
Generating RTLIL representation for module `\DFFSE'.
Generating RTLIL representation for module `\DFFR'.
Generating RTLIL representation for module `\DFFRE'.
Generating RTLIL representation for module `\DFFP'.
Generating RTLIL representation for module `\DFFPE'.
Generating RTLIL representation for module `\DFFC'.
Generating RTLIL representation for module `\DFFCE'.
Generating RTLIL representation for module `\DFFN'.
Generating RTLIL representation for module `\DFFNE'.
Generating RTLIL representation for module `\DFFNS'.
Generating RTLIL representation for module `\DFFNSE'.
Generating RTLIL representation for module `\DFFNR'.
Generating RTLIL representation for module `\DFFNRE'.
Generating RTLIL representation for module `\DFFNP'.
Generating RTLIL representation for module `\DFFNPE'.
Generating RTLIL representation for module `\DFFNC'.
Generating RTLIL representation for module `\DFFNCE'.
Generating RTLIL representation for module `\DL'.
Generating RTLIL representation for module `\DLN'.
Generating RTLIL representation for module `\DLE'.
Generating RTLIL representation for module `\DLNE'.
Generating RTLIL representation for module `\DLC'.
Generating RTLIL representation for module `\DLCE'.
Generating RTLIL representation for module `\DLNC'.
Generating RTLIL representation for module `\DLNCE'.
Generating RTLIL representation for module `\DLP'.
Generating RTLIL representation for module `\DLPE'.
Generating RTLIL representation for module `\DLNP'.
Generating RTLIL representation for module `\DLNPE'.
Generating RTLIL representation for module `\VCC'.
Generating RTLIL representation for module `\GND'.
Generating RTLIL representation for module `\IBUF'.
Generating RTLIL representation for module `\OBUF'.
Generating RTLIL representation for module `\TBUF'.
Generating RTLIL representation for module `\IOBUF'.
Generating RTLIL representation for module `\ELVDS_OBUF'.
Generating RTLIL representation for module `\TLVDS_OBUF'.
Generating RTLIL representation for module `\OSER4'.
Generating RTLIL representation for module `\OSER4_MEM'.
Generating RTLIL representation for module `\OSER8'.
Generating RTLIL representation for module `\OSER10'.
Generating RTLIL representation for module `\OVIDEO'.
Generating RTLIL representation for module `\OSER16'.
Generating RTLIL representation for module `\IDES4'.
Generating RTLIL representation for module `\IDES4_MEM'.
Generating RTLIL representation for module `\IDES8'.
Generating RTLIL representation for module `\IDES10'.
Generating RTLIL representation for module `\IVIDEO'.
Generating RTLIL representation for module `\IDES16'.
Generating RTLIL representation for module `\IDDR'.
Generating RTLIL representation for module `\IDDRC'.
Generating RTLIL representation for module `\DQS'.
Generating RTLIL representation for module `\ODDR'.
Generating RTLIL representation for module `\ODDRC'.
Generating RTLIL representation for module `\GSR'.
Generating RTLIL representation for module `\BANDGAP'.
Generating RTLIL representation for module `\ALU'.
Generating RTLIL representation for module `\RAM16S1'.
Generating RTLIL representation for module `\RAM16S2'.
Generating RTLIL representation for module `\RAM16S4'.
Generating RTLIL representation for module `\RAM16SDP1'.
Generating RTLIL representation for module `\RAM16SDP2'.
Generating RTLIL representation for module `\RAM16SDP4'.
Generating RTLIL representation for module `\SP'.
Generating RTLIL representation for module `\SPX9'.
Generating RTLIL representation for module `\SDP'.
Generating RTLIL representation for module `\SDPX9'.
Generating RTLIL representation for module `\DP'.
Generating RTLIL representation for module `\DPX9'.
Generating RTLIL representation for module `\rPLL'.
Generating RTLIL representation for module `\PLLVR'.
Generating RTLIL representation for module `\OSC'.
Generating RTLIL representation for module `\OSCZ'.
Generating RTLIL representation for module `\OSCF'.
Generating RTLIL representation for module `\OSCH'.
Generating RTLIL representation for module `\OSCW'.
Generating RTLIL representation for module `\OSCO'.
Generating RTLIL representation for module `\EMCU'.
Successfully finished Verilog frontend.

3.2. Executing Verilog-2005 frontend: E:\EDA_Race\Cangku\new\SigFlow_FPGA_Cmake\external\fpga-tools\runtime\yosys\bin\..\share\gowin/cells_xtra_gw1n.v
Parsing Verilog input from `E:\EDA_Race\Cangku\new\SigFlow_FPGA_Cmake\external\fpga-tools\runtime\yosys\bin\..\share\gowin/cells_xtra_gw1n.v' to AST representation.
Generating RTLIL representation for module `\LUT5'.
Generating RTLIL representation for module `\LUT6'.
Generating RTLIL representation for module `\LUT7'.
Generating RTLIL representation for module `\LUT8'.
Generating RTLIL representation for module `\INV'.
Generating RTLIL representation for module `\IODELAY'.
Generating RTLIL representation for module `\IEM'.
Generating RTLIL representation for module `\ROM16'.
Generating RTLIL representation for module `\ROM'.
Generating RTLIL representation for module `\ROMX9'.
Generating RTLIL representation for module `\pROM'.
Generating RTLIL representation for module `\pROMX9'.
Generating RTLIL representation for module `\SDPB'.
Generating RTLIL representation for module `\SDPX9B'.
Generating RTLIL representation for module `\DPB'.
Generating RTLIL representation for module `\DPX9B'.
Generating RTLIL representation for module `\PADD18'.
Generating RTLIL representation for module `\PADD9'.
Generating RTLIL representation for module `\MULT9X9'.
Generating RTLIL representation for module `\MULT18X18'.
Generating RTLIL representation for module `\MULT36X36'.
Generating RTLIL representation for module `\MULTALU36X18'.
Generating RTLIL representation for module `\MULTADDALU18X18'.
Generating RTLIL representation for module `\MULTALU18X18'.
Generating RTLIL representation for module `\ALU54D'.
Generating RTLIL representation for module `\BUFG'.
Generating RTLIL representation for module `\BUFS'.
Generating RTLIL representation for module `\PLL'.
Generating RTLIL representation for module `\TLVDS_IBUF'.
Generating RTLIL representation for module `\TLVDS_TBUF'.
Generating RTLIL representation for module `\TLVDS_IOBUF'.
Generating RTLIL representation for module `\ELVDS_IBUF'.
Generating RTLIL representation for module `\ELVDS_TBUF'.
Generating RTLIL representation for module `\ELVDS_IOBUF'.
Generating RTLIL representation for module `\MIPI_IBUF'.
Generating RTLIL representation for module `\MIPI_IBUF_HS'.
Generating RTLIL representation for module `\MIPI_IBUF_LP'.
Generating RTLIL representation for module `\MIPI_OBUF'.
Generating RTLIL representation for module `\MIPI_OBUF_A'.
Generating RTLIL representation for module `\ELVDS_IBUF_MIPI'.
Generating RTLIL representation for module `\I3C_IOBUF'.
Generating RTLIL representation for module `\CLKDIV'.
Generating RTLIL representation for module `\DHCEN'.
Generating RTLIL representation for module `\DLLDLY'.
Generating RTLIL representation for module `\FLASH96K'.
Generating RTLIL representation for module `\FLASH256K'.
Generating RTLIL representation for module `\FLASH608K'.
Generating RTLIL representation for module `\DCS'.
Generating RTLIL representation for module `\DQCE'.
Generating RTLIL representation for module `\CLKDIV2'.
Generating RTLIL representation for module `\DHCENC'.
Generating RTLIL representation for module `\FLASH64K'.
Generating RTLIL representation for module `\FLASH64KZ'.
Successfully finished Verilog frontend.

3.3. Executing HIERARCHY pass (managing design hierarchy).

3.3.1. Analyzing design hierarchy..
Top module:  \min_led_uart_top

3.3.2. Analyzing design hierarchy..
Top module:  \min_led_uart_top
Removed 0 unused modules.

3.4. Executing PROC pass (convert processes to netlists).

3.4.1. Executing PROC_CLEAN pass (remove empty switches from decision trees).
Cleaned up 0 empty switches.

3.4.2. Executing PROC_RMDEAD pass (remove dead branches from decision trees).
Marked 3 switch rules as full_case in process $proc$E:/EDA_Race/Cangku/new/SigFlow_FPGA/examples/tracebridge_tangnano9k/rtl/min_led_uart_top.v:23$4 in module min_led_uart_top.
Marked 1 switch rules as full_case in process $proc$E:/EDA_Race/Cangku/new/SigFlow_FPGA/examples/tracebridge_tangnano9k/rtl/min_led_uart_top.v:18$1 in module min_led_uart_top.
Removed a total of 0 dead cases.

3.4.3. Executing PROC_PRUNE pass (remove redundant assignments in processes).
Removed 1 redundant assignment.
Promoted 0 assignments to connections.

3.4.4. Executing PROC_INIT pass (extract init attributes).

3.4.5. Executing PROC_ARST pass (detect async resets in processes).
Found async reset \rst_n in `\min_led_uart_top.$proc$E:/EDA_Race/Cangku/new/SigFlow_FPGA/examples/tracebridge_tangnano9k/rtl/min_led_uart_top.v:23$4'.
Found async reset \rst_n in `\min_led_uart_top.$proc$E:/EDA_Race/Cangku/new/SigFlow_FPGA/examples/tracebridge_tangnano9k/rtl/min_led_uart_top.v:18$1'.

3.4.6. Executing PROC_ROM pass (convert switches to ROMs).
Converted 0 switches.
<suppressed ~4 debug messages>

3.4.7. Executing PROC_MUX pass (convert decision trees to multiplexers).
Creating decoders for process `\min_led_uart_top.$proc$E:/EDA_Race/Cangku/new/SigFlow_FPGA/examples/tracebridge_tangnano9k/rtl/min_led_uart_top.v:23$4'.
     1/6: $0\uart_tx_r[0:0]
     2/6: $0\bit_timer[15:0]
     3/6: $0\bit_count[3:0]
     4/6: $0\tx_shift[7:0]
     5/6: $0\tx_busy[0:0]
     6/6: $0\tick[31:0]
Creating decoders for process `\min_led_uart_top.$proc$E:/EDA_Race/Cangku/new/SigFlow_FPGA/examples/tracebridge_tangnano9k/rtl/min_led_uart_top.v:18$1'.
     1/1: $0\state[3:0]

3.4.8. Executing PROC_DLATCH pass (convert process syncs to latches).

3.4.9. Executing PROC_DFF pass (convert process syncs to FFs).
Creating register for signal `\min_led_uart_top.\tick' using process `\min_led_uart_top.$proc$E:/EDA_Race/Cangku/new/SigFlow_FPGA/examples/tracebridge_tangnano9k/rtl/min_led_uart_top.v:23$4'.
  created $adff cell `$procdff$401' with positive edge clock and positive level reset.
Creating register for signal `\min_led_uart_top.\tx_busy' using process `\min_led_uart_top.$proc$E:/EDA_Race/Cangku/new/SigFlow_FPGA/examples/tracebridge_tangnano9k/rtl/min_led_uart_top.v:23$4'.
  created $adff cell `$procdff$406' with positive edge clock and positive level reset.
Creating register for signal `\min_led_uart_top.\tx_shift' using process `\min_led_uart_top.$proc$E:/EDA_Race/Cangku/new/SigFlow_FPGA/examples/tracebridge_tangnano9k/rtl/min_led_uart_top.v:23$4'.
  created $adff cell `$procdff$411' with positive edge clock and positive level reset.
Creating register for signal `\min_led_uart_top.\bit_count' using process `\min_led_uart_top.$proc$E:/EDA_Race/Cangku/new/SigFlow_FPGA/examples/tracebridge_tangnano9k/rtl/min_led_uart_top.v:23$4'.
  created $adff cell `$procdff$416' with positive edge clock and positive level reset.
Creating register for signal `\min_led_uart_top.\bit_timer' using process `\min_led_uart_top.$proc$E:/EDA_Race/Cangku/new/SigFlow_FPGA/examples/tracebridge_tangnano9k/rtl/min_led_uart_top.v:23$4'.
  created $adff cell `$procdff$421' with positive edge clock and positive level reset.
Creating register for signal `\min_led_uart_top.\uart_tx_r' using process `\min_led_uart_top.$proc$E:/EDA_Race/Cangku/new/SigFlow_FPGA/examples/tracebridge_tangnano9k/rtl/min_led_uart_top.v:23$4'.
  created $adff cell `$procdff$426' with positive edge clock and positive level reset.
Creating register for signal `\min_led_uart_top.\state' using process `\min_led_uart_top.$proc$E:/EDA_Race/Cangku/new/SigFlow_FPGA/examples/tracebridge_tangnano9k/rtl/min_led_uart_top.v:18$1'.
  created $adff cell `$procdff$431' with positive edge clock and positive level reset.

3.4.10. Executing PROC_MEMWR pass (convert process memory writes to cells).

3.4.11. Executing PROC_CLEAN pass (remove empty switches from decision trees).
Found and cleaned up 4 empty switches in `\min_led_uart_top.$proc$E:/EDA_Race/Cangku/new/SigFlow_FPGA/examples/tracebridge_tangnano9k/rtl/min_led_uart_top.v:23$4'.
Removing empty process `min_led_uart_top.$proc$E:/EDA_Race/Cangku/new/SigFlow_FPGA/examples/tracebridge_tangnano9k/rtl/min_led_uart_top.v:23$4'.
Removing empty process `min_led_uart_top.$proc$E:/EDA_Race/Cangku/new/SigFlow_FPGA/examples/tracebridge_tangnano9k/rtl/min_led_uart_top.v:18$1'.
Cleaned up 4 empty switches.

3.4.12. Executing OPT_EXPR pass (perform const folding).
Optimizing module min_led_uart_top.
<suppressed ~21 debug messages>

3.5. Executing CHECK pass (checking for obvious problems).
Checking module min_led_uart_top...
Found and reported 0 problems.

3.6. Executing FLATTEN pass (flatten design).

3.7. Executing TRIBUF pass.

3.8. Executing DEMINOUT pass (demote inout ports to input or output).

3.9. Executing OPT_EXPR pass (perform const folding).
Optimizing module min_led_uart_top.

3.10. Executing OPT_CLEAN pass (remove unused cells and wires).
Finding unused cells or wires in module \min_led_uart_top..
Removed 10 unused cells and 40 unused wires.
<suppressed ~11 debug messages>

3.11. Executing CHECK pass (checking for obvious problems).
Checking module min_led_uart_top...
Found and reported 0 problems.

3.12. Executing OPT pass (performing simple optimizations).

3.12.1. Executing OPT_EXPR pass (perform const folding).
Optimizing module min_led_uart_top.

3.12.2. Executing OPT_MERGE pass (detect identical cells).
Finding identical cells in module `\min_led_uart_top'.
Computing hashes of 42 cells of `\min_led_uart_top'.
Finding duplicate cells in `\min_led_uart_top'.
Removed a total of 0 cells.

3.12.3. Executing OPT_MUXTREE pass (detect dead branches in mux trees).
Running muxtree optimizer on module \min_led_uart_top..
  Creating internal representation of mux trees.
  Evaluating internal representation of mux trees.
      Replacing known input bits on port A of cell $procmux$385: \tx_busy -> 1'1
      Replacing known input bits on port A of cell $procmux$383: \tx_busy -> 1'1
      Replacing known input bits on port A of cell $procmux$388: \tx_busy -> 1'0
  Analyzing evaluation results.
Removed 0 multiplexer ports.
<suppressed ~24 debug messages>

3.12.4. Executing OPT_REDUCE pass (consolidate $*mux and $reduce_* inputs).
  Optimizing cells in module \min_led_uart_top.
Performed a total of 0 changes.

3.12.5. Executing OPT_MERGE pass (detect identical cells).
Finding identical cells in module `\min_led_uart_top'.
Computing hashes of 42 cells of `\min_led_uart_top'.
Finding duplicate cells in `\min_led_uart_top'.
Removed a total of 0 cells.

3.12.6. Executing OPT_DFF pass (perform DFF optimizations).

3.12.7. Executing OPT_CLEAN pass (remove unused cells and wires).
Finding unused cells or wires in module \min_led_uart_top..

3.12.8. Executing OPT_EXPR pass (perform const folding).
Optimizing module min_led_uart_top.

3.12.9. Finished fast OPT passes. (There is nothing left to do.)

3.13. Executing FSM pass (extract and optimize FSM).

3.13.1. Executing FSM_DETECT pass (finding FSMs in design).
Not marking min_led_uart_top.tx_shift as FSM state register:
    Users of register don't seem to benefit from recoding.

3.13.2. Executing FSM_EXTRACT pass (extracting FSM from design).

3.13.3. Executing FSM_OPT pass (simple optimizations of FSMs).

3.13.4. Executing OPT_CLEAN pass (remove unused cells and wires).
Finding unused cells or wires in module \min_led_uart_top..

3.13.5. Executing FSM_OPT pass (simple optimizations of FSMs).

3.13.6. Executing FSM_RECODE pass (re-assigning FSM state encoding).

3.13.7. Executing FSM_INFO pass (dumping all available information on FSM cells).

3.13.8. Executing FSM_MAP pass (mapping FSMs to basic logic).

3.14. Executing OPT pass (performing simple optimizations).

3.14.1. Executing OPT_EXPR pass (perform const folding).
Optimizing module min_led_uart_top.

3.14.2. Executing OPT_MERGE pass (detect identical cells).
Finding identical cells in module `\min_led_uart_top'.
Computing hashes of 42 cells of `\min_led_uart_top'.
Finding duplicate cells in `\min_led_uart_top'.
Removed a total of 0 cells.

3.14.3. Executing OPT_MUXTREE pass (detect dead branches in mux trees).
Running muxtree optimizer on module \min_led_uart_top..
  Creating internal representation of mux trees.
  Evaluating internal representation of mux trees.
  Analyzing evaluation results.
Removed 0 multiplexer ports.
<suppressed ~24 debug messages>

3.14.4. Executing OPT_REDUCE pass (consolidate $*mux and $reduce_* inputs).
  Optimizing cells in module \min_led_uart_top.
Performed a total of 0 changes.

3.14.5. Executing OPT_MERGE pass (detect identical cells).
Finding identical cells in module `\min_led_uart_top'.
Computing hashes of 42 cells of `\min_led_uart_top'.
Finding duplicate cells in `\min_led_uart_top'.
Removed a total of 0 cells.

3.14.6. Executing OPT_DFF pass (perform DFF optimizations).
Adding EN signal on $procdff$426 ($adff) from module min_led_uart_top (D = $0\uart_tx_r[0:0], Q = \uart_tx_r).
Adding EN signal on $procdff$416 ($adff) from module min_led_uart_top (D = $0\bit_count[3:0], Q = \bit_count).
Adding EN signal on $procdff$421 ($adff) from module min_led_uart_top (D = $0\bit_timer[15:0], Q = \bit_timer).
Adding EN signal on $procdff$401 ($adff) from module min_led_uart_top (D = $procmux$393_Y, Q = \tick).
Adding EN signal on $procdff$411 ($adff) from module min_led_uart_top (D = 8'01010101, Q = \tx_shift).
Setting constant 1-bit at position 0 on $auto$ff.cc:337:slice$450 ($adffe) from module min_led_uart_top.
Setting constant 0-bit at position 1 on $auto$ff.cc:337:slice$450 ($adffe) from module min_led_uart_top.
Setting constant 1-bit at position 2 on $auto$ff.cc:337:slice$450 ($adffe) from module min_led_uart_top.
Setting constant 0-bit at position 3 on $auto$ff.cc:337:slice$450 ($adffe) from module min_led_uart_top.
Setting constant 1-bit at position 4 on $auto$ff.cc:337:slice$450 ($adffe) from module min_led_uart_top.
Setting constant 0-bit at position 5 on $auto$ff.cc:337:slice$450 ($adffe) from module min_led_uart_top.
Setting constant 1-bit at position 6 on $auto$ff.cc:337:slice$450 ($adffe) from module min_led_uart_top.
Setting constant 0-bit at position 7 on $auto$ff.cc:337:slice$450 ($adffe) from module min_led_uart_top.

3.14.7. Executing OPT_CLEAN pass (remove unused cells and wires).
Finding unused cells or wires in module \min_led_uart_top..
Removed 5 unused cells and 5 unused wires.
<suppressed ~6 debug messages>

3.14.8. Executing OPT_EXPR pass (perform const folding).
Optimizing module min_led_uart_top.
<suppressed ~3 debug messages>

3.14.9. Rerunning OPT passes. (Maybe there is more to do..)

3.14.10. Executing OPT_MUXTREE pass (detect dead branches in mux trees).
Running muxtree optimizer on module \min_led_uart_top..
  Creating internal representation of mux trees.
  Evaluating internal representation of mux trees.
  Analyzing evaluation results.
Removed 0 multiplexer ports.
<suppressed ~20 debug messages>

3.14.11. Executing OPT_REDUCE pass (consolidate $*mux and $reduce_* inputs).
  Optimizing cells in module \min_led_uart_top.
Performed a total of 0 changes.

3.14.12. Executing OPT_MERGE pass (detect identical cells).
Finding identical cells in module `\min_led_uart_top'.
Computing hashes of 45 cells of `\min_led_uart_top'.
Finding duplicate cells in `\min_led_uart_top'.
Computing hashes of 42 cells of `\min_led_uart_top'.
Finding duplicate cells in `\min_led_uart_top'.
Computing hashes of 41 cells of `\min_led_uart_top'.
Finding duplicate cells in `\min_led_uart_top'.
<suppressed ~12 debug messages>
Removed a total of 4 cells.

3.14.13. Executing OPT_DFF pass (perform DFF optimizations).

3.14.14. Executing OPT_CLEAN pass (remove unused cells and wires).
Finding unused cells or wires in module \min_led_uart_top..
Removed 0 unused cells and 4 unused wires.
<suppressed ~1 debug messages>

3.14.15. Executing OPT_EXPR pass (perform const folding).
Optimizing module min_led_uart_top.

3.14.16. Rerunning OPT passes. (Maybe there is more to do..)

3.14.17. Executing OPT_MUXTREE pass (detect dead branches in mux trees).
Running muxtree optimizer on module \min_led_uart_top..
  Creating internal representation of mux trees.
  Evaluating internal representation of mux trees.
  Analyzing evaluation results.
Removed 0 multiplexer ports.
<suppressed ~20 debug messages>

3.14.18. Executing OPT_REDUCE pass (consolidate $*mux and $reduce_* inputs).
  Optimizing cells in module \min_led_uart_top.
Performed a total of 0 changes.

3.14.19. Executing OPT_MERGE pass (detect identical cells).
Finding identical cells in module `\min_led_uart_top'.
Computing hashes of 41 cells of `\min_led_uart_top'.
Finding duplicate cells in `\min_led_uart_top'.
Removed a total of 0 cells.

3.14.20. Executing OPT_DFF pass (perform DFF optimizations).

3.14.21. Executing OPT_CLEAN pass (remove unused cells and wires).
Finding unused cells or wires in module \min_led_uart_top..

3.14.22. Executing OPT_EXPR pass (perform const folding).
Optimizing module min_led_uart_top.

3.14.23. Finished fast OPT passes. (There is nothing left to do.)

3.15. Executing WREDUCE pass (reducing word size of cells).
Removed top 1 bits (of 2) from port B of cell min_led_uart_top.$auto$opt_dff.cc:320:make_patterns_logic$436 ($ne).
Removed top 3 bits (of 4) from port B of cell min_led_uart_top.$add$E:/EDA_Race/Cangku/new/SigFlow_FPGA/examples/tracebridge_tangnano9k/rtl/min_led_uart_top.v:20$3 ($add).
Removed top 31 bits (of 32) from port B of cell min_led_uart_top.$add$E:/EDA_Race/Cangku/new/SigFlow_FPGA/examples/tracebridge_tangnano9k/rtl/min_led_uart_top.v:33$7 ($add).
Removed top 13 bits (of 32) from port B of cell min_led_uart_top.$ge$E:/EDA_Race/Cangku/new/SigFlow_FPGA/examples/tracebridge_tangnano9k/rtl/min_led_uart_top.v:34$8 ($ge).
Removed top 15 bits (of 16) from port B of cell min_led_uart_top.$add$E:/EDA_Race/Cangku/new/SigFlow_FPGA/examples/tracebridge_tangnano9k/rtl/min_led_uart_top.v:43$9 ($add).
Removed top 4 bits (of 16) from port B of cell min_led_uart_top.$ge$E:/EDA_Race/Cangku/new/SigFlow_FPGA/examples/tracebridge_tangnano9k/rtl/min_led_uart_top.v:44$10 ($ge).
Removed top 3 bits (of 4) from port B of cell min_led_uart_top.$add$E:/EDA_Race/Cangku/new/SigFlow_FPGA/examples/tracebridge_tangnano9k/rtl/min_led_uart_top.v:46$11 ($add).
Removed top 3 bits (of 4) from port B of cell min_led_uart_top.$procmux$355_CMP1 ($eq).
Removed top 2 bits (of 4) from port B of cell min_led_uart_top.$procmux$355_CMP2 ($eq).
Removed top 2 bits (of 4) from port B of cell min_led_uart_top.$procmux$355_CMP3 ($eq).
Removed top 1 bits (of 4) from port B of cell min_led_uart_top.$procmux$355_CMP4 ($eq).
Removed top 1 bits (of 4) from port B of cell min_led_uart_top.$procmux$355_CMP5 ($eq).
Removed top 1 bits (of 4) from port B of cell min_led_uart_top.$procmux$355_CMP6 ($eq).
Removed top 1 bits (of 4) from port B of cell min_led_uart_top.$procmux$355_CMP7 ($eq).

3.16. Executing PEEPOPT pass (run peephole optimizers).

3.17. Executing OPT_CLEAN pass (remove unused cells and wires).
Finding unused cells or wires in module \min_led_uart_top..

3.18. Executing SHARE pass (SAT-based resource sharing).

3.19. Executing TECHMAP pass (map to technology primitives).

3.19.1. Executing Verilog-2005 frontend: E:\EDA_Race\Cangku\new\SigFlow_FPGA_Cmake\external\fpga-tools\runtime\yosys\bin\..\share\mul2dsp.v
Parsing Verilog input from `E:\EDA_Race\Cangku\new\SigFlow_FPGA_Cmake\external\fpga-tools\runtime\yosys\bin\..\share\mul2dsp.v' to AST representation.
Generating RTLIL representation for module `\_80_mul'.
Generating RTLIL representation for module `\_90_soft_mul'.
Successfully finished Verilog frontend.

3.19.2. Continuing TECHMAP pass.
No more expansions possible.
<suppressed ~4 debug messages>

3.20. Executing TECHMAP pass (map to technology primitives).

3.20.1. Executing Verilog-2005 frontend: E:\EDA_Race\Cangku\new\SigFlow_FPGA_Cmake\external\fpga-tools\runtime\yosys\bin\..\share\mul2dsp.v
Parsing Verilog input from `E:\EDA_Race\Cangku\new\SigFlow_FPGA_Cmake\external\fpga-tools\runtime\yosys\bin\..\share\mul2dsp.v' to AST representation.
Generating RTLIL representation for module `\_80_mul'.
Generating RTLIL representation for module `\_90_soft_mul'.
Successfully finished Verilog frontend.

3.20.2. Continuing TECHMAP pass.
No more expansions possible.
<suppressed ~4 debug messages>

3.21. Executing TECHMAP pass (map to technology primitives).

3.21.1. Executing Verilog-2005 frontend: E:\EDA_Race\Cangku\new\SigFlow_FPGA_Cmake\external\fpga-tools\runtime\yosys\bin\..\share\mul2dsp.v
Parsing Verilog input from `E:\EDA_Race\Cangku\new\SigFlow_FPGA_Cmake\external\fpga-tools\runtime\yosys\bin\..\share\mul2dsp.v' to AST representation.
Generating RTLIL representation for module `\_80_mul'.
Generating RTLIL representation for module `\_90_soft_mul'.
Successfully finished Verilog frontend.

3.21.2. Continuing TECHMAP pass.
No more expansions possible.
<suppressed ~4 debug messages>

3.22. Executing TECHMAP pass (map to technology primitives).

3.22.1. Executing Verilog-2005 frontend: E:\EDA_Race\Cangku\new\SigFlow_FPGA_Cmake\external\fpga-tools\runtime\yosys\bin\..\share\mul2dsp.v
Parsing Verilog input from `E:\EDA_Race\Cangku\new\SigFlow_FPGA_Cmake\external\fpga-tools\runtime\yosys\bin\..\share\mul2dsp.v' to AST representation.
Generating RTLIL representation for module `\_80_mul'.
Generating RTLIL representation for module `\_90_soft_mul'.
Successfully finished Verilog frontend.

3.22.2. Continuing TECHMAP pass.
No more expansions possible.
<suppressed ~4 debug messages>

3.23. Executing TECHMAP pass (map to technology primitives).

3.23.1. Executing Verilog-2005 frontend: E:\EDA_Race\Cangku\new\SigFlow_FPGA_Cmake\external\fpga-tools\runtime\yosys\bin\..\share\gowin/dsp_map.v
Parsing Verilog input from `E:\EDA_Race\Cangku\new\SigFlow_FPGA_Cmake\external\fpga-tools\runtime\yosys\bin\..\share\gowin/dsp_map.v' to AST representation.
Generating RTLIL representation for module `$__MUL9X9'.
Generating RTLIL representation for module `$__MUL18X18'.
Generating RTLIL representation for module `$__MUL36X36'.
Successfully finished Verilog frontend.

3.23.2. Continuing TECHMAP pass.
No more expansions possible.
<suppressed ~5 debug messages>

3.24. Executing ALUMACC pass (create $alu and $macc cells).
Extracting $alu and $macc cells in module min_led_uart_top:
  creating $macc model for $add$E:/EDA_Race/Cangku/new/SigFlow_FPGA/examples/tracebridge_tangnano9k/rtl/min_led_uart_top.v:46$11 ($add).
  creating $macc model for $add$E:/EDA_Race/Cangku/new/SigFlow_FPGA/examples/tracebridge_tangnano9k/rtl/min_led_uart_top.v:43$9 ($add).
  creating $macc model for $add$E:/EDA_Race/Cangku/new/SigFlow_FPGA/examples/tracebridge_tangnano9k/rtl/min_led_uart_top.v:33$7 ($add).
  creating $macc model for $add$E:/EDA_Race/Cangku/new/SigFlow_FPGA/examples/tracebridge_tangnano9k/rtl/min_led_uart_top.v:20$3 ($add).
  creating $alu model for $macc $add$E:/EDA_Race/Cangku/new/SigFlow_FPGA/examples/tracebridge_tangnano9k/rtl/min_led_uart_top.v:20$3.
  creating $alu model for $macc $add$E:/EDA_Race/Cangku/new/SigFlow_FPGA/examples/tracebridge_tangnano9k/rtl/min_led_uart_top.v:33$7.
  creating $alu model for $macc $add$E:/EDA_Race/Cangku/new/SigFlow_FPGA/examples/tracebridge_tangnano9k/rtl/min_led_uart_top.v:43$9.
  creating $alu model for $macc $add$E:/EDA_Race/Cangku/new/SigFlow_FPGA/examples/tracebridge_tangnano9k/rtl/min_led_uart_top.v:46$11.
  creating $alu model for $ge$E:/EDA_Race/Cangku/new/SigFlow_FPGA/examples/tracebridge_tangnano9k/rtl/min_led_uart_top.v:44$10 ($ge): new $alu
  creating $alu model for $ge$E:/EDA_Race/Cangku/new/SigFlow_FPGA/examples/tracebridge_tangnano9k/rtl/min_led_uart_top.v:34$8 ($ge): new $alu
  creating $alu cell for $ge$E:/EDA_Race/Cangku/new/SigFlow_FPGA/examples/tracebridge_tangnano9k/rtl/min_led_uart_top.v:34$8: $auto$alumacc.cc:512:replace_alu$457
  creating $alu cell for $ge$E:/EDA_Race/Cangku/new/SigFlow_FPGA/examples/tracebridge_tangnano9k/rtl/min_led_uart_top.v:44$10: $auto$alumacc.cc:512:replace_alu$470
  creating $alu cell for $add$E:/EDA_Race/Cangku/new/SigFlow_FPGA/examples/tracebridge_tangnano9k/rtl/min_led_uart_top.v:46$11: $auto$alumacc.cc:512:replace_alu$483
  creating $alu cell for $add$E:/EDA_Race/Cangku/new/SigFlow_FPGA/examples/tracebridge_tangnano9k/rtl/min_led_uart_top.v:43$9: $auto$alumacc.cc:512:replace_alu$486
  creating $alu cell for $add$E:/EDA_Race/Cangku/new/SigFlow_FPGA/examples/tracebridge_tangnano9k/rtl/min_led_uart_top.v:33$7: $auto$alumacc.cc:512:replace_alu$489
  creating $alu cell for $add$E:/EDA_Race/Cangku/new/SigFlow_FPGA/examples/tracebridge_tangnano9k/rtl/min_led_uart_top.v:20$3: $auto$alumacc.cc:512:replace_alu$492
  created 6 $alu and 0 $macc cells.

3.25. Executing OPT pass (performing simple optimizations).

3.25.1. Executing OPT_EXPR pass (perform const folding).
Optimizing module min_led_uart_top.

3.25.2. Executing OPT_MERGE pass (detect identical cells).
Finding identical cells in module `\min_led_uart_top'.
Computing hashes of 51 cells of `\min_led_uart_top'.
Finding duplicate cells in `\min_led_uart_top'.
Removed a total of 0 cells.

3.25.3. Executing OPT_MUXTREE pass (detect dead branches in mux trees).
Running muxtree optimizer on module \min_led_uart_top..
  Creating internal representation of mux trees.
  Evaluating internal representation of mux trees.
  Analyzing evaluation results.
Removed 0 multiplexer ports.
<suppressed ~20 debug messages>

3.25.4. Executing OPT_REDUCE pass (consolidate $*mux and $reduce_* inputs).
  Optimizing cells in module \min_led_uart_top.
Performed a total of 0 changes.

3.25.5. Executing OPT_MERGE pass (detect identical cells).
Finding identical cells in module `\min_led_uart_top'.
Computing hashes of 51 cells of `\min_led_uart_top'.
Finding duplicate cells in `\min_led_uart_top'.
Removed a total of 0 cells.

3.25.6. Executing OPT_DFF pass (perform DFF optimizations).

3.25.7. Executing OPT_CLEAN pass (remove unused cells and wires).
Finding unused cells or wires in module \min_led_uart_top..
Removed 0 unused cells and 2 unused wires.
<suppressed ~1 debug messages>

3.25.8. Executing OPT_EXPR pass (perform const folding).
Optimizing module min_led_uart_top.

3.25.9. Rerunning OPT passes. (Maybe there is more to do..)

3.25.10. Executing OPT_MUXTREE pass (detect dead branches in mux trees).
Running muxtree optimizer on module \min_led_uart_top..
  Creating internal representation of mux trees.
  Evaluating internal representation of mux trees.
  Analyzing evaluation results.
Removed 0 multiplexer ports.
<suppressed ~20 debug messages>

3.25.11. Executing OPT_REDUCE pass (consolidate $*mux and $reduce_* inputs).
  Optimizing cells in module \min_led_uart_top.
Performed a total of 0 changes.

3.25.12. Executing OPT_MERGE pass (detect identical cells).
Finding identical cells in module `\min_led_uart_top'.
Computing hashes of 51 cells of `\min_led_uart_top'.
Finding duplicate cells in `\min_led_uart_top'.
Removed a total of 0 cells.

3.25.13. Executing OPT_DFF pass (perform DFF optimizations).

3.25.14. Executing OPT_CLEAN pass (remove unused cells and wires).
Finding unused cells or wires in module \min_led_uart_top..

3.25.15. Executing OPT_EXPR pass (perform const folding).
Optimizing module min_led_uart_top.

3.25.16. Finished fast OPT passes. (There is nothing left to do.)

3.26. Executing MEMORY pass.

3.26.1. Executing OPT_MEM pass (optimize memories).
Performed a total of 0 transformations.

3.26.2. Executing OPT_MEM_PRIORITY pass (removing unnecessary memory write priority relations).
Performed a total of 0 transformations.

3.26.3. Executing OPT_MEM_FEEDBACK pass (finding memory read-to-write feedback paths).

3.26.4. Executing MEMORY_BMUX2ROM pass (converting muxes to ROMs).

3.26.5. Executing MEMORY_DFF pass (merging $dff cells to $memrd).

3.26.6. Executing OPT_CLEAN pass (remove unused cells and wires).
Finding unused cells or wires in module \min_led_uart_top..

3.26.7. Executing MEMORY_SHARE pass (consolidating $memrd/$memwr cells).

3.26.8. Executing OPT_MEM_WIDEN pass (optimize memories where all ports are wide).
Performed a total of 0 transformations.

3.26.9. Executing OPT_CLEAN pass (remove unused cells and wires).
Finding unused cells or wires in module \min_led_uart_top..

3.26.10. Executing MEMORY_COLLECT pass (generating $mem cells).

3.27. Executing OPT_CLEAN pass (remove unused cells and wires).
Finding unused cells or wires in module \min_led_uart_top..

3.28. Executing MEMORY_LIBMAP pass (mapping memories to cells).

3.29. Executing TECHMAP pass (map to technology primitives).

3.29.1. Executing Verilog-2005 frontend: E:\EDA_Race\Cangku\new\SigFlow_FPGA_Cmake\external\fpga-tools\runtime\yosys\bin\..\share\gowin/lutrams_map.v
Parsing Verilog input from `E:\EDA_Race\Cangku\new\SigFlow_FPGA_Cmake\external\fpga-tools\runtime\yosys\bin\..\share\gowin/lutrams_map.v' to AST representation.
Generating RTLIL representation for module `$__GOWIN_LUTRAM_'.
Successfully finished Verilog frontend.

3.29.2. Executing Verilog-2005 frontend: E:\EDA_Race\Cangku\new\SigFlow_FPGA_Cmake\external\fpga-tools\runtime\yosys\bin\..\share\gowin/brams_map.v
Parsing Verilog input from `E:\EDA_Race\Cangku\new\SigFlow_FPGA_Cmake\external\fpga-tools\runtime\yosys\bin\..\share\gowin/brams_map.v' to AST representation.
Generating RTLIL representation for module `$__GOWIN_SP_'.
Generating RTLIL representation for module `$__GOWIN_DP_'.
Generating RTLIL representation for module `$__GOWIN_SDP_'.
Successfully finished Verilog frontend.

3.29.3. Continuing TECHMAP pass.
No more expansions possible.
<suppressed ~6 debug messages>

3.30. Executing OPT pass (performing simple optimizations).

3.30.1. Executing OPT_EXPR pass (perform const folding).
Optimizing module min_led_uart_top.
<suppressed ~8 debug messages>

3.30.2. Executing OPT_MERGE pass (detect identical cells).
Finding identical cells in module `\min_led_uart_top'.
Computing hashes of 51 cells of `\min_led_uart_top'.
Finding duplicate cells in `\min_led_uart_top'.
Removed a total of 0 cells.

3.30.3. Executing OPT_DFF pass (perform DFF optimizations).

3.30.4. Executing OPT_CLEAN pass (remove unused cells and wires).
Finding unused cells or wires in module \min_led_uart_top..
Removed 0 unused cells and 12 unused wires.
<suppressed ~1 debug messages>

3.30.5. Finished fast OPT passes.

3.31. Executing MEMORY_MAP pass (converting memories to logic and flip-flops).

3.32. Executing OPT pass (performing simple optimizations).

3.32.1. Executing OPT_EXPR pass (perform const folding).
Optimizing module min_led_uart_top.

3.32.2. Executing OPT_MERGE pass (detect identical cells).
Finding identical cells in module `\min_led_uart_top'.
Computing hashes of 51 cells of `\min_led_uart_top'.
Finding duplicate cells in `\min_led_uart_top'.
Removed a total of 0 cells.

3.32.3. Executing OPT_MUXTREE pass (detect dead branches in mux trees).
Running muxtree optimizer on module \min_led_uart_top..
  Creating internal representation of mux trees.
  Evaluating internal representation of mux trees.
  Analyzing evaluation results.
Removed 0 multiplexer ports.
<suppressed ~14 debug messages>

3.32.4. Executing OPT_REDUCE pass (consolidate $*mux and $reduce_* inputs).
  Optimizing cells in module \min_led_uart_top.
Performed a total of 0 changes.

3.32.5. Executing OPT_MERGE pass (detect identical cells).
Finding identical cells in module `\min_led_uart_top'.
Computing hashes of 51 cells of `\min_led_uart_top'.
Finding duplicate cells in `\min_led_uart_top'.
Removed a total of 0 cells.

3.32.6. Executing OPT_DFF pass (perform DFF optimizations).

3.32.7. Executing OPT_CLEAN pass (remove unused cells and wires).
Finding unused cells or wires in module \min_led_uart_top..

3.32.8. Executing OPT_EXPR pass (perform const folding).
Optimizing module min_led_uart_top.

3.32.9. Finished fast OPT passes. (There is nothing left to do.)

3.33. Executing TECHMAP pass (map to technology primitives).

3.33.1. Executing Verilog-2005 frontend: E:\EDA_Race\Cangku\new\SigFlow_FPGA_Cmake\external\fpga-tools\runtime\yosys\bin\..\share\techmap.v
Parsing Verilog input from `E:\EDA_Race\Cangku\new\SigFlow_FPGA_Cmake\external\fpga-tools\runtime\yosys\bin\..\share\techmap.v' to AST representation.
Generating RTLIL representation for module `\_90_simplemap_bool_ops'.
Generating RTLIL representation for module `\_90_simplemap_reduce_ops'.
Generating RTLIL representation for module `\_90_simplemap_logic_ops'.
Generating RTLIL representation for module `\_90_simplemap_compare_ops'.
Generating RTLIL representation for module `\_90_simplemap_various'.
Generating RTLIL representation for module `\_90_simplemap_registers'.
Generating RTLIL representation for module `\_90_shift_ops_shr_shl_sshl_sshr'.
Generating RTLIL representation for module `\_90_shift_shiftx'.
Generating RTLIL representation for module `\_90_fa'.
Generating RTLIL representation for module `\_90_lcu_brent_kung'.
Generating RTLIL representation for module `\_90_alu'.
Generating RTLIL representation for module `\_90_macc'.
Generating RTLIL representation for module `\_90_alumacc'.
Generating RTLIL representation for module `$__div_mod_u'.
Generating RTLIL representation for module `$__div_mod_trunc'.
Generating RTLIL representation for module `\_90_div'.
Generating RTLIL representation for module `\_90_mod'.
Generating RTLIL representation for module `$__div_mod_floor'.
Generating RTLIL representation for module `\_90_divfloor'.
Generating RTLIL representation for module `\_90_modfloor'.
Generating RTLIL representation for module `\_90_pow'.
Generating RTLIL representation for module `\_90_demux'.
Generating RTLIL representation for module `\_90_lut'.
Generating RTLIL representation for module `$connect'.
Generating RTLIL representation for module `$input_port'.
Successfully finished Verilog frontend.

3.33.2. Executing Verilog-2005 frontend: E:\EDA_Race\Cangku\new\SigFlow_FPGA_Cmake\external\fpga-tools\runtime\yosys\bin\..\share\gowin/arith_map.v
Parsing Verilog input from `E:\EDA_Race\Cangku\new\SigFlow_FPGA_Cmake\external\fpga-tools\runtime\yosys\bin\..\share\gowin/arith_map.v' to AST representation.
Generating RTLIL representation for module `\_80_gw1n_alu'.
Successfully finished Verilog frontend.

3.33.3. Continuing TECHMAP pass.
Using extmapper simplemap for cells of type $not.
Using template $paramod$32a7b7b86c07519b7537abc18e96f0331f97914d\_80_gw1n_alu for cells of type $alu.
Using template $paramod$6a42b6fefed750f8a1c58eab59479d960557103c\_80_gw1n_alu for cells of type $alu.
Using template $paramod$2af30114e9bd4ccb04dad757b3f0a8f6bf0615b0\_80_gw1n_alu for cells of type $alu.
Using extmapper simplemap for cells of type $reduce_or.
Using extmapper simplemap for cells of type $or.
Using extmapper simplemap for cells of type $reduce_and.
Using template $paramod$0b2756a5d86e3fad2b86338f6ccaf8e22cbf8b24\_80_gw1n_alu for cells of type $alu.
Using template $paramod$d432a0e4c9d3dc39a080b8856b238e9f4635c899\_80_gw1n_alu for cells of type $alu.
Using extmapper simplemap for cells of type $adffe.
Using extmapper simplemap for cells of type $ne.
Using extmapper simplemap for cells of type $reduce_bool.
Using template $paramod$constmap:c393e299a3482f56f507b7a349377e9218a622c0$paramod$3e9aa5f6b7ad2b020647b46df1e4d7b7b7fa111e\_90_shift_shiftx for cells of type $shiftx.
Using extmapper simplemap for cells of type $logic_not.
Using extmapper simplemap for cells of type $eq.
Using extmapper simplemap for cells of type $mux.
Using extmapper simplemap for cells of type $adff.
Using extmapper simplemap for cells of type $xor.
Using extmapper simplemap for cells of type $pos.
No more expansions possible.
<suppressed ~529 debug messages>

3.34. Executing OPT pass (performing simple optimizations).

3.34.1. Executing OPT_EXPR pass (perform const folding).
Optimizing module min_led_uart_top.
<suppressed ~348 debug messages>

3.34.2. Executing OPT_MERGE pass (detect identical cells).
Finding identical cells in module `\min_led_uart_top'.
Computing hashes of 414 cells of `\min_led_uart_top'.
Finding duplicate cells in `\min_led_uart_top'.
Computing hashes of 393 cells of `\min_led_uart_top'.
Finding duplicate cells in `\min_led_uart_top'.
Computing hashes of 384 cells of `\min_led_uart_top'.
Finding duplicate cells in `\min_led_uart_top'.
<suppressed ~90 debug messages>
Removed a total of 30 cells.

3.34.3. Executing OPT_DFF pass (perform DFF optimizations).

3.34.4. Executing OPT_CLEAN pass (remove unused cells and wires).
Finding unused cells or wires in module \min_led_uart_top..
Removed 26 unused cells and 289 unused wires.
<suppressed ~27 debug messages>

3.34.5. Finished fast OPT passes.

3.35. Executing IOPADMAP pass (mapping inputs/outputs to IO-PAD cells).
Mapping port min_led_uart_top.uart_tx using OBUF.
Mapping port min_led_uart_top.led using OBUF.
Mapping port min_led_uart_top.rst_n using IBUF.
Mapping port min_led_uart_top.clk using IBUF.

3.36. Executing OPT_CLEAN pass (remove unused cells and wires).
Finding unused cells or wires in module \min_led_uart_top..
Removed 0 unused cells and 2 unused wires.
<suppressed ~1 debug messages>

3.37. Executing DFFLEGALIZE pass (convert FFs to types supported by the target).

3.38. Executing TECHMAP pass (map to technology primitives).

3.38.1. Executing Verilog-2005 frontend: E:\EDA_Race\Cangku\new\SigFlow_FPGA_Cmake\external\fpga-tools\runtime\yosys\bin\..\share\gowin/cells_map.v
Parsing Verilog input from `E:\EDA_Race\Cangku\new\SigFlow_FPGA_Cmake\external\fpga-tools\runtime\yosys\bin\..\share\gowin/cells_map.v' to AST representation.
Generating RTLIL representation for module `$_DFF_N_'.
Generating RTLIL representation for module `$_DFF_P_'.
Generating RTLIL representation for module `$_DFFE_PP_'.
Generating RTLIL representation for module `$_DFFE_NP_'.
Generating RTLIL representation for module `$_SDFF_PP0_'.
Generating RTLIL representation for module `$_SDFF_NP0_'.
Generating RTLIL representation for module `$_SDFFE_PP0P_'.
Generating RTLIL representation for module `$_SDFFE_NP0P_'.
Generating RTLIL representation for module `$_SDFF_PP1_'.
Generating RTLIL representation for module `$_SDFF_NP1_'.
Generating RTLIL representation for module `$_SDFFE_PP1P_'.
Generating RTLIL representation for module `$_SDFFE_NP1P_'.
Generating RTLIL representation for module `$_DFF_PP1_'.
Generating RTLIL representation for module `$_DFF_NP1_'.
Generating RTLIL representation for module `$_DFF_PP0_'.
Generating RTLIL representation for module `$_DFF_NP0_'.
Generating RTLIL representation for module `$_DFFE_PP1P_'.
Generating RTLIL representation for module `$_DFFE_NP1P_'.
Generating RTLIL representation for module `$_DFFE_PP0P_'.
Generating RTLIL representation for module `$_DFFE_NP0P_'.
Generating RTLIL representation for module `$lut'.
Successfully finished Verilog frontend.

3.38.2. Continuing TECHMAP pass.
Using template $_DFF_PP0_ for cells of type $_DFF_PP0_.
Using template $_DFFE_PP1P_ for cells of type $_DFFE_PP1P_.
Using template $_DFFE_PP0P_ for cells of type $_DFFE_PP0P_.
No more expansions possible.
<suppressed ~81 debug messages>

3.39. Executing TECHMAP pass (map to technology primitives).

3.39.1. Executing Verilog-2005 frontend: E:\EDA_Race\Cangku\new\SigFlow_FPGA_Cmake\external\fpga-tools\runtime\yosys\bin\..\share\gowin/cells_latch.v
Parsing Verilog input from `E:\EDA_Race\Cangku\new\SigFlow_FPGA_Cmake\external\fpga-tools\runtime\yosys\bin\..\share\gowin/cells_latch.v' to AST representation.
Generating RTLIL representation for module `$_DLATCH_P_'.
Generating RTLIL representation for module `$_DLATCH_N_'.
Generating RTLIL representation for module `$_DLATCH_PP0_'.
Generating RTLIL representation for module `$_DLATCH_NP0_'.
Generating RTLIL representation for module `$_DLATCH_PP1_'.
Generating RTLIL representation for module `$_DLATCH_NP1_'.
Successfully finished Verilog frontend.

3.39.2. Continuing TECHMAP pass.
No more expansions possible.
<suppressed ~8 debug messages>

3.40. Executing OPT_EXPR pass (perform const folding).
Optimizing module min_led_uart_top.
<suppressed ~2 debug messages>

3.41. Executing SIMPLEMAP pass (map simple cells to gate primitives).

3.42. Executing SORT pass.

3.43. Executing Verilog-2005 frontend: E:\EDA_Race\Cangku\new\SigFlow_FPGA_Cmake\external\fpga-tools\runtime\yosys\bin\..\share\abc9_model.v
Parsing Verilog input from `E:\EDA_Race\Cangku\new\SigFlow_FPGA_Cmake\external\fpga-tools\runtime\yosys\bin\..\share\abc9_model.v' to AST representation.
Generating RTLIL representation for module `$__ABC9_DELAY'.
Generating RTLIL representation for module `$__ABC9_SCC_BREAKER'.
Generating RTLIL representation for module `$__DFF_N__$abc9_flop'.
Generating RTLIL representation for module `$__DFF_P__$abc9_flop'.
Successfully finished Verilog frontend.

3.44. Executing ABC9 pass.

3.44.1. Executing ABC9_OPS pass (helper functions for ABC9).

3.44.2. Executing ABC9_OPS pass (helper functions for ABC9).

3.44.3. Executing PROC pass (convert processes to netlists).

3.44.3.1. Executing PROC_CLEAN pass (remove empty switches from decision trees).
Found and cleaned up 1 empty switch in `$paramod\ALU\ALU_MODE=s32'00000000000000000000000000000010.$proc$E:\EDA_Race\Cangku\new\SigFlow_FPGA_Cmake\external\fpga-tools\runtime\yosys\bin\..\share\gowin/cells_sim.v:1064$1976'.
Cleaned up 1 empty switch.

3.44.3.2. Executing PROC_RMDEAD pass (remove dead branches from decision trees).
Removed a total of 0 dead cases.

3.44.3.3. Executing PROC_PRUNE pass (remove redundant assignments in processes).
Removed 0 redundant assignments.
Promoted 4 assignments to connections.

3.44.3.4. Executing PROC_INIT pass (extract init attributes).

3.44.3.5. Executing PROC_ARST pass (detect async resets in processes).

3.44.3.6. Executing PROC_ROM pass (convert switches to ROMs).
Converted 0 switches.

3.44.3.7. Executing PROC_MUX pass (convert decision trees to multiplexers).
Creating decoders for process `$paramod\ALU\ALU_MODE=s32'00000000000000000000000000000010.$proc$E:\EDA_Race\Cangku\new\SigFlow_FPGA_Cmake\external\fpga-tools\runtime\yosys\bin\..\share\gowin/cells_sim.v:1064$1976'.

3.44.3.8. Executing PROC_DLATCH pass (convert process syncs to latches).
No latch inferred for signal `$paramod\ALU\ALU_MODE=s32'00000000000000000000000000000010.\C' from process `$paramod\ALU\ALU_MODE=s32'00000000000000000000000000000010.$proc$E:\EDA_Race\Cangku\new\SigFlow_FPGA_Cmake\external\fpga-tools\runtime\yosys\bin\..\share\gowin/cells_sim.v:1064$1976'.
No latch inferred for signal `$paramod\ALU\ALU_MODE=s32'00000000000000000000000000000010.\S' from process `$paramod\ALU\ALU_MODE=s32'00000000000000000000000000000010.$proc$E:\EDA_Race\Cangku\new\SigFlow_FPGA_Cmake\external\fpga-tools\runtime\yosys\bin\..\share\gowin/cells_sim.v:1064$1976'.

3.44.3.9. Executing PROC_DFF pass (convert process syncs to FFs).

3.44.3.10. Executing PROC_MEMWR pass (convert process memory writes to cells).

3.44.3.11. Executing PROC_CLEAN pass (remove empty switches from decision trees).
Removing empty process `$paramod\ALU\ALU_MODE=s32'00000000000000000000000000000010.$proc$E:\EDA_Race\Cangku\new\SigFlow_FPGA_Cmake\external\fpga-tools\runtime\yosys\bin\..\share\gowin/cells_sim.v:1064$1976'.
Cleaned up 0 empty switches.

3.44.4. Executing PROC pass (convert processes to netlists).

3.44.4.1. Executing PROC_CLEAN pass (remove empty switches from decision trees).
Cleaned up 0 empty switches.

3.44.4.2. Executing PROC_RMDEAD pass (remove dead branches from decision trees).
Marked 1 switch rules as full_case in process $proc$E:\EDA_Race\Cangku\new\SigFlow_FPGA_Cmake\external\fpga-tools\runtime\yosys\bin\..\share\gowin/cells_sim.v:348$214 in module DFFCE.
Removed a total of 0 dead cases.

3.44.4.3. Executing PROC_PRUNE pass (remove redundant assignments in processes).
Removed 0 redundant assignments.
Promoted 1 assignment to connection.

3.44.4.4. Executing PROC_INIT pass (extract init attributes).
Found init rule in `\DFFCE.$proc$E:\EDA_Race\Cangku\new\SigFlow_FPGA_Cmake\external\fpga-tools\runtime\yosys\bin\..\share\gowin/cells_sim.v:339$215'.
  Set init value: \Q = 1'0

3.44.4.5. Executing PROC_ARST pass (detect async resets in processes).
Found async reset \CLEAR in `\DFFCE.$proc$E:\EDA_Race\Cangku\new\SigFlow_FPGA_Cmake\external\fpga-tools\runtime\yosys\bin\..\share\gowin/cells_sim.v:348$214'.

3.44.4.6. Executing PROC_ROM pass (convert switches to ROMs).
Converted 0 switches.
<suppressed ~1 debug messages>

3.44.4.7. Executing PROC_MUX pass (convert decision trees to multiplexers).
Creating decoders for process `\DFFCE.$proc$E:\EDA_Race\Cangku\new\SigFlow_FPGA_Cmake\external\fpga-tools\runtime\yosys\bin\..\share\gowin/cells_sim.v:339$215'.
Creating decoders for process `\DFFCE.$proc$E:\EDA_Race\Cangku\new\SigFlow_FPGA_Cmake\external\fpga-tools\runtime\yosys\bin\..\share\gowin/cells_sim.v:348$214'.
     1/1: $0\Q[0:0]

3.44.4.8. Executing PROC_DLATCH pass (convert process syncs to latches).

3.44.4.9. Executing PROC_DFF pass (convert process syncs to FFs).
Creating register for signal `\DFFCE.\Q' using process `\DFFCE.$proc$E:\EDA_Race\Cangku\new\SigFlow_FPGA_Cmake\external\fpga-tools\runtime\yosys\bin\..\share\gowin/cells_sim.v:348$214'.
  created $adff cell `$procdff$1985' with positive edge clock and positive level reset.

3.44.4.10. Executing PROC_MEMWR pass (convert process memory writes to cells).

3.44.4.11. Executing PROC_CLEAN pass (remove empty switches from decision trees).
Removing empty process `DFFCE.$proc$E:\EDA_Race\Cangku\new\SigFlow_FPGA_Cmake\external\fpga-tools\runtime\yosys\bin\..\share\gowin/cells_sim.v:339$215'.
Found and cleaned up 1 empty switch in `\DFFCE.$proc$E:\EDA_Race\Cangku\new\SigFlow_FPGA_Cmake\external\fpga-tools\runtime\yosys\bin\..\share\gowin/cells_sim.v:348$214'.
Removing empty process `DFFCE.$proc$E:\EDA_Race\Cangku\new\SigFlow_FPGA_Cmake\external\fpga-tools\runtime\yosys\bin\..\share\gowin/cells_sim.v:348$214'.
Cleaned up 1 empty switch.

3.44.5. Executing PROC pass (convert processes to netlists).

3.44.5.1. Executing PROC_CLEAN pass (remove empty switches from decision trees).
Cleaned up 0 empty switches.

3.44.5.2. Executing PROC_RMDEAD pass (remove dead branches from decision trees).
Marked 1 switch rules as full_case in process $proc$E:\EDA_Race\Cangku\new\SigFlow_FPGA_Cmake\external\fpga-tools\runtime\yosys\bin\..\share\gowin/cells_sim.v:309$210 in module DFFPE.
Removed a total of 0 dead cases.

3.44.5.3. Executing PROC_PRUNE pass (remove redundant assignments in processes).
Removed 0 redundant assignments.
Promoted 1 assignment to connection.

3.44.5.4. Executing PROC_INIT pass (extract init attributes).
Found init rule in `\DFFPE.$proc$E:\EDA_Race\Cangku\new\SigFlow_FPGA_Cmake\external\fpga-tools\runtime\yosys\bin\..\share\gowin/cells_sim.v:300$211'.
  Set init value: \Q = 1'1

3.44.5.5. Executing PROC_ARST pass (detect async resets in processes).
Found async reset \PRESET in `\DFFPE.$proc$E:\EDA_Race\Cangku\new\SigFlow_FPGA_Cmake\external\fpga-tools\runtime\yosys\bin\..\share\gowin/cells_sim.v:309$210'.

3.44.5.6. Executing PROC_ROM pass (convert switches to ROMs).
Converted 0 switches.
<suppressed ~1 debug messages>

3.44.5.7. Executing PROC_MUX pass (convert decision trees to multiplexers).
Creating decoders for process `\DFFPE.$proc$E:\EDA_Race\Cangku\new\SigFlow_FPGA_Cmake\external\fpga-tools\runtime\yosys\bin\..\share\gowin/cells_sim.v:300$211'.
Creating decoders for process `\DFFPE.$proc$E:\EDA_Race\Cangku\new\SigFlow_FPGA_Cmake\external\fpga-tools\runtime\yosys\bin\..\share\gowin/cells_sim.v:309$210'.
     1/1: $0\Q[0:0]

3.44.5.8. Executing PROC_DLATCH pass (convert process syncs to latches).

3.44.5.9. Executing PROC_DFF pass (convert process syncs to FFs).
Creating register for signal `\DFFPE.\Q' using process `\DFFPE.$proc$E:\EDA_Race\Cangku\new\SigFlow_FPGA_Cmake\external\fpga-tools\runtime\yosys\bin\..\share\gowin/cells_sim.v:309$210'.
  created $adff cell `$procdff$1990' with positive edge clock and positive level reset.

3.44.5.10. Executing PROC_MEMWR pass (convert process memory writes to cells).

3.44.5.11. Executing PROC_CLEAN pass (remove empty switches from decision trees).
Removing empty process `DFFPE.$proc$E:\EDA_Race\Cangku\new\SigFlow_FPGA_Cmake\external\fpga-tools\runtime\yosys\bin\..\share\gowin/cells_sim.v:300$211'.
Found and cleaned up 1 empty switch in `\DFFPE.$proc$E:\EDA_Race\Cangku\new\SigFlow_FPGA_Cmake\external\fpga-tools\runtime\yosys\bin\..\share\gowin/cells_sim.v:309$210'.
Removing empty process `DFFPE.$proc$E:\EDA_Race\Cangku\new\SigFlow_FPGA_Cmake\external\fpga-tools\runtime\yosys\bin\..\share\gowin/cells_sim.v:309$210'.
Cleaned up 1 empty switch.

3.44.6. Executing PROC pass (convert processes to netlists).

3.44.6.1. Executing PROC_CLEAN pass (remove empty switches from decision trees).
Cleaned up 0 empty switches.

3.44.6.2. Executing PROC_RMDEAD pass (remove dead branches from decision trees).
Marked 1 switch rules as full_case in process $proc$E:\EDA_Race\Cangku\new\SigFlow_FPGA_Cmake\external\fpga-tools\runtime\yosys\bin\..\share\gowin/cells_sim.v:328$212 in module DFFC.
Removed a total of 0 dead cases.

3.44.6.3. Executing PROC_PRUNE pass (remove redundant assignments in processes).
Removed 1 redundant assignment.
Promoted 1 assignment to connection.

3.44.6.4. Executing PROC_INIT pass (extract init attributes).
Found init rule in `\DFFC.$proc$E:\EDA_Race\Cangku\new\SigFlow_FPGA_Cmake\external\fpga-tools\runtime\yosys\bin\..\share\gowin/cells_sim.v:320$213'.
  Set init value: \Q = 1'0

3.44.6.5. Executing PROC_ARST pass (detect async resets in processes).
Found async reset \CLEAR in `\DFFC.$proc$E:\EDA_Race\Cangku\new\SigFlow_FPGA_Cmake\external\fpga-tools\runtime\yosys\bin\..\share\gowin/cells_sim.v:328$212'.

3.44.6.6. Executing PROC_ROM pass (convert switches to ROMs).
Converted 0 switches.

3.44.6.7. Executing PROC_MUX pass (convert decision trees to multiplexers).
Creating decoders for process `\DFFC.$proc$E:\EDA_Race\Cangku\new\SigFlow_FPGA_Cmake\external\fpga-tools\runtime\yosys\bin\..\share\gowin/cells_sim.v:320$213'.
Creating decoders for process `\DFFC.$proc$E:\EDA_Race\Cangku\new\SigFlow_FPGA_Cmake\external\fpga-tools\runtime\yosys\bin\..\share\gowin/cells_sim.v:328$212'.
     1/1: $0\Q[0:0]

3.44.6.8. Executing PROC_DLATCH pass (convert process syncs to latches).

3.44.6.9. Executing PROC_DFF pass (convert process syncs to FFs).
Creating register for signal `\DFFC.\Q' using process `\DFFC.$proc$E:\EDA_Race\Cangku\new\SigFlow_FPGA_Cmake\external\fpga-tools\runtime\yosys\bin\..\share\gowin/cells_sim.v:328$212'.
  created $adff cell `$procdff$1993' with positive edge clock and positive level reset.

3.44.6.10. Executing PROC_MEMWR pass (convert process memory writes to cells).

3.44.6.11. Executing PROC_CLEAN pass (remove empty switches from decision trees).
Removing empty process `DFFC.$proc$E:\EDA_Race\Cangku\new\SigFlow_FPGA_Cmake\external\fpga-tools\runtime\yosys\bin\..\share\gowin/cells_sim.v:320$213'.
Removing empty process `DFFC.$proc$E:\EDA_Race\Cangku\new\SigFlow_FPGA_Cmake\external\fpga-tools\runtime\yosys\bin\..\share\gowin/cells_sim.v:328$212'.
Cleaned up 0 empty switches.

3.44.7. Executing SCC pass (detecting logic loops).
Found 0 SCCs in module min_led_uart_top.
Found 0 SCCs.

3.44.8. Executing ABC9_OPS pass (helper functions for ABC9).

3.44.9. Executing TECHMAP pass (map to technology primitives).

3.44.9.1. Executing Verilog-2005 frontend: E:\EDA_Race\Cangku\new\SigFlow_FPGA_Cmake\external\fpga-tools\runtime\yosys\bin\..\share\techmap.v
Parsing Verilog input from `E:\EDA_Race\Cangku\new\SigFlow_FPGA_Cmake\external\fpga-tools\runtime\yosys\bin\..\share\techmap.v' to AST representation.
Generating RTLIL representation for module `\_90_simplemap_bool_ops'.
Generating RTLIL representation for module `\_90_simplemap_reduce_ops'.
Generating RTLIL representation for module `\_90_simplemap_logic_ops'.
Generating RTLIL representation for module `\_90_simplemap_compare_ops'.
Generating RTLIL representation for module `\_90_simplemap_various'.
Generating RTLIL representation for module `\_90_simplemap_registers'.
Generating RTLIL representation for module `\_90_shift_ops_shr_shl_sshl_sshr'.
Generating RTLIL representation for module `\_90_shift_shiftx'.
Generating RTLIL representation for module `\_90_fa'.
Generating RTLIL representation for module `\_90_lcu_brent_kung'.
Generating RTLIL representation for module `\_90_alu'.
Generating RTLIL representation for module `\_90_macc'.
Generating RTLIL representation for module `\_90_alumacc'.
Generating RTLIL representation for module `$__div_mod_u'.
Generating RTLIL representation for module `$__div_mod_trunc'.
Generating RTLIL representation for module `\_90_div'.
Generating RTLIL representation for module `\_90_mod'.
Generating RTLIL representation for module `$__div_mod_floor'.
Generating RTLIL representation for module `\_90_divfloor'.
Generating RTLIL representation for module `\_90_modfloor'.
Generating RTLIL representation for module `\_90_pow'.
Generating RTLIL representation for module `\_90_demux'.
Generating RTLIL representation for module `\_90_lut'.
Generating RTLIL representation for module `$connect'.
Generating RTLIL representation for module `$input_port'.
Successfully finished Verilog frontend.

3.44.9.2. Continuing TECHMAP pass.
No more expansions possible.
<suppressed ~233 debug messages>

3.44.10. Executing OPT pass (performing simple optimizations).

3.44.10.1. Executing OPT_EXPR pass (perform const folding).
Optimizing module DFFCE.
Optimizing module DFFPE.
Optimizing module DFFC.

3.44.10.2. Executing OPT_MERGE pass (detect identical cells).
Finding identical cells in module `\DFFCE'.
Computing hashes of 2 cells of `\DFFCE'.
Finding duplicate cells in `\DFFCE'.
Finding identical cells in module `\DFFPE'.
Computing hashes of 2 cells of `\DFFPE'.
Finding duplicate cells in `\DFFPE'.
Finding identical cells in module `\DFFC'.
Computing hashes of 2 cells of `\DFFC'.
Finding duplicate cells in `\DFFC'.
Removed a total of 0 cells.

3.44.10.3. Executing OPT_MUXTREE pass (detect dead branches in mux trees).
Running muxtree optimizer on module \DFFCE..
  Creating internal representation of mux trees.
  No muxes found in this module.
Running muxtree optimizer on module \DFFPE..
  Creating internal representation of mux trees.
  No muxes found in this module.
Running muxtree optimizer on module \DFFC..
  Creating internal representation of mux trees.
  No muxes found in this module.
Removed 0 multiplexer ports.

3.44.10.4. Executing OPT_REDUCE pass (consolidate $*mux and $reduce_* inputs).
  Optimizing cells in module \DFFCE.
  Optimizing cells in module \DFFPE.
  Optimizing cells in module \DFFC.
Performed a total of 0 changes.

3.44.10.5. Executing OPT_MERGE pass (detect identical cells).
Finding identical cells in module `\DFFCE'.
Computing hashes of 2 cells of `\DFFCE'.
Finding duplicate cells in `\DFFCE'.
Finding identical cells in module `\DFFPE'.
Computing hashes of 2 cells of `\DFFPE'.
Finding duplicate cells in `\DFFPE'.
Finding identical cells in module `\DFFC'.
Computing hashes of 2 cells of `\DFFC'.
Finding duplicate cells in `\DFFC'.
Removed a total of 0 cells.

3.44.10.6. Executing OPT_DFF pass (perform DFF optimizations).

3.44.10.7. Executing OPT_CLEAN pass (remove unused cells and wires).
Finding unused cells or wires in module \DFFCE..
Finding unused cells or wires in module \DFFPE..
Finding unused cells or wires in module \DFFC..

3.44.10.8. Executing OPT_EXPR pass (perform const folding).
Optimizing module DFFCE.
Optimizing module DFFPE.
Optimizing module DFFC.

3.44.10.9. Finished fast OPT passes. (There is nothing left to do.)

3.44.11. Executing TECHMAP pass (map to technology primitives).

3.44.11.1. Executing Verilog-2005 frontend: E:\EDA_Race\Cangku\new\SigFlow_FPGA_Cmake\external\fpga-tools\runtime\yosys\bin\..\share\abc9_map.v
Parsing Verilog input from `E:\EDA_Race\Cangku\new\SigFlow_FPGA_Cmake\external\fpga-tools\runtime\yosys\bin\..\share\abc9_map.v' to AST representation.
Successfully finished Verilog frontend.

3.44.11.2. Continuing TECHMAP pass.
Using template DFFC for cells of type DFFC.
Using template DFFPE for cells of type DFFPE.
Using template DFFCE for cells of type DFFCE.
No more expansions possible.
<suppressed ~63 debug messages>

3.44.12. Executing Verilog-2005 frontend: E:\EDA_Race\Cangku\new\SigFlow_FPGA_Cmake\external\fpga-tools\runtime\yosys\bin\..\share\abc9_model.v
Parsing Verilog input from `E:\EDA_Race\Cangku\new\SigFlow_FPGA_Cmake\external\fpga-tools\runtime\yosys\bin\..\share\abc9_model.v' to AST representation.
Replacing existing blackbox module `$__ABC9_DELAY' at E:\EDA_Race\Cangku\new\SigFlow_FPGA_Cmake\external\fpga-tools\runtime\yosys\bin\..\share\abc9_model.v:2.1-7.10.
Generating RTLIL representation for module `$__ABC9_DELAY'.
Replacing existing blackbox module `$__ABC9_SCC_BREAKER' at E:\EDA_Race\Cangku\new\SigFlow_FPGA_Cmake\external\fpga-tools\runtime\yosys\bin\..\share\abc9_model.v:9.1-11.10.
Generating RTLIL representation for module `$__ABC9_SCC_BREAKER'.
Replacing existing module `$__DFF_N__$abc9_flop' at E:\EDA_Race\Cangku\new\SigFlow_FPGA_Cmake\external\fpga-tools\runtime\yosys\bin\..\share\abc9_model.v:14.1-20.10.
Generating RTLIL representation for module `$__DFF_N__$abc9_flop'.
Replacing existing module `$__DFF_P__$abc9_flop' at E:\EDA_Race\Cangku\new\SigFlow_FPGA_Cmake\external\fpga-tools\runtime\yosys\bin\..\share\abc9_model.v:23.1-29.10.
Generating RTLIL representation for module `$__DFF_P__$abc9_flop'.
Successfully finished Verilog frontend.

3.44.13. Executing ABC9_OPS pass (helper functions for ABC9).
<suppressed ~2 debug messages>

3.44.14. Executing ABC9_OPS pass (helper functions for ABC9).

3.44.15. Executing ABC9_OPS pass (helper functions for ABC9).
<suppressed ~2 debug messages>

3.44.16. Executing TECHMAP pass (map to technology primitives).

3.44.16.1. Executing Verilog-2005 frontend: E:\EDA_Race\Cangku\new\SigFlow_FPGA_Cmake\external\fpga-tools\runtime\yosys\bin\..\share\techmap.v
Parsing Verilog input from `E:\EDA_Race\Cangku\new\SigFlow_FPGA_Cmake\external\fpga-tools\runtime\yosys\bin\..\share\techmap.v' to AST representation.
Generating RTLIL representation for module `\_90_simplemap_bool_ops'.
Generating RTLIL representation for module `\_90_simplemap_reduce_ops'.
Generating RTLIL representation for module `\_90_simplemap_logic_ops'.
Generating RTLIL representation for module `\_90_simplemap_compare_ops'.
Generating RTLIL representation for module `\_90_simplemap_various'.
Generating RTLIL representation for module `\_90_simplemap_registers'.
Generating RTLIL representation for module `\_90_shift_ops_shr_shl_sshl_sshr'.
Generating RTLIL representation for module `\_90_shift_shiftx'.
Generating RTLIL representation for module `\_90_fa'.
Generating RTLIL representation for module `\_90_lcu_brent_kung'.
Generating RTLIL representation for module `\_90_alu'.
Generating RTLIL representation for module `\_90_macc'.
Generating RTLIL representation for module `\_90_alumacc'.
Generating RTLIL representation for module `$__div_mod_u'.
Generating RTLIL representation for module `$__div_mod_trunc'.
Generating RTLIL representation for module `\_90_div'.
Generating RTLIL representation for module `\_90_mod'.
Generating RTLIL representation for module `$__div_mod_floor'.
Generating RTLIL representation for module `\_90_divfloor'.
Generating RTLIL representation for module `\_90_modfloor'.
Generating RTLIL representation for module `\_90_pow'.
Generating RTLIL representation for module `\_90_demux'.
Generating RTLIL representation for module `\_90_lut'.
Generating RTLIL representation for module `$connect'.
Generating RTLIL representation for module `$input_port'.
Successfully finished Verilog frontend.

3.44.16.2. Continuing TECHMAP pass.
Using template $paramod\ALU\ALU_MODE=s32'00000000000000000000000000000010 for cells of type $paramod\ALU\ALU_MODE=s32'00000000000000000000000000000010.
Using extmapper simplemap for cells of type $mux.
Using extmapper simplemap for cells of type $xor.
Using extmapper simplemap for cells of type $not.
No more expansions possible.
<suppressed ~240 debug messages>

3.44.17. Executing OPT pass (performing simple optimizations).

3.44.17.1. Executing OPT_EXPR pass (perform const folding).
Optimizing module min_led_uart_top.

3.44.17.2. Executing OPT_MERGE pass (detect identical cells).
Finding identical cells in module `\min_led_uart_top'.
Computing hashes of 14 cells of `\min_led_uart_top'.
Finding duplicate cells in `\min_led_uart_top'.
Removed a total of 0 cells.

3.44.17.3. Executing OPT_MUXTREE pass (detect dead branches in mux trees).
Running muxtree optimizer on module \min_led_uart_top..
  Creating internal representation of mux trees.
  No muxes found in this module.
Removed 0 multiplexer ports.

3.44.17.4. Executing OPT_REDUCE pass (consolidate $*mux and $reduce_* inputs).
  Optimizing cells in module \min_led_uart_top.
Performed a total of 0 changes.

3.44.17.5. Executing OPT_MERGE pass (detect identical cells).
Finding identical cells in module `\min_led_uart_top'.
Computing hashes of 14 cells of `\min_led_uart_top'.
Finding duplicate cells in `\min_led_uart_top'.
Removed a total of 0 cells.

3.44.17.6. Executing OPT_DFF pass (perform DFF optimizations).

3.44.17.7. Executing OPT_CLEAN pass (remove unused cells and wires).
Finding unused cells or wires in module \min_led_uart_top..
Removed 0 unused cells and 16 unused wires.
<suppressed ~1 debug messages>

3.44.17.8. Executing OPT_EXPR pass (perform const folding).
Optimizing module min_led_uart_top.

3.44.17.9. Rerunning OPT passes. (Maybe there is more to do..)

3.44.17.10. Executing OPT_MUXTREE pass (detect dead branches in mux trees).
Running muxtree optimizer on module \min_led_uart_top..
  Creating internal representation of mux trees.
  No muxes found in this module.
Removed 0 multiplexer ports.

3.44.17.11. Executing OPT_REDUCE pass (consolidate $*mux and $reduce_* inputs).
  Optimizing cells in module \min_led_uart_top.
Performed a total of 0 changes.

3.44.17.12. Executing OPT_MERGE pass (detect identical cells).
Finding identical cells in module `\min_led_uart_top'.
Computing hashes of 14 cells of `\min_led_uart_top'.
Finding duplicate cells in `\min_led_uart_top'.
Removed a total of 0 cells.

3.44.17.13. Executing OPT_DFF pass (perform DFF optimizations).

3.44.17.14. Executing OPT_CLEAN pass (remove unused cells and wires).
Finding unused cells or wires in module \min_led_uart_top..

3.44.17.15. Executing OPT_EXPR pass (perform const folding).
Optimizing module min_led_uart_top.

3.44.17.16. Finished fast OPT passes. (There is nothing left to do.)

3.44.18. Executing AIGMAP pass (map logic to AIG).
Module min_led_uart_top: replaced 5 cells with 35 new cells, skipped 9 cells.
  replaced 2 cell types:
       2 $_MUX_
       3 $_XOR_
  not replaced 2 cell types:
       1 $_NOT_
       8 $specify2

3.44.19. Executing AIGMAP pass (map logic to AIG).
Module min_led_uart_top: replaced 101 cells with 620 new cells, skipped 410 cells.
  replaced 2 cell types:
      72 $_MUX_
      29 $_OR_
  not replaced 11 cell types:
      47 $_AND_
     142 $_NOT_
       2 IBUF
       1 DFFPE
       5 DFFC
      52 DFFCE
       5 OBUF
       5 DFFC_$abc9_byp
       1 DFFPE_$abc9_byp
      52 DFFCE_$abc9_byp
      98 $paramod\ALU\ALU_MODE=s32'00000000000000000000000000000010

3.44.19.1. Executing ABC9_OPS pass (helper functions for ABC9).

3.44.19.2. Executing ABC9_OPS pass (helper functions for ABC9).

3.44.19.3. Executing XAIGER backend.
<suppressed ~69 debug messages>
Extracted 292 AND gates and 1187 wires from module `min_led_uart_top' to a netlist network with 67 inputs and 161 outputs.

3.44.19.4. Executing ABC9_EXE pass (technology mapping using ABC9).

3.44.19.5. Executing ABC9.
Running ABC command: "<yosys-exe-dir>/yosys-abc" -s -f <abc-temp-dir>/abc.script 2>&1
ABC: ======== ABC command line "source <abc-temp-dir>/abc.script"
ABC: + read_lut <abc-temp-dir>/input.lut 
ABC: + read_box <abc-temp-dir>/input.box 
ABC: + &read <abc-temp-dir>/input.xaig 
ABC: + &ps 
ABC: <abc-temp-dir>/input : i/o =     67/    161  and =     152  lev =   10 (   0.63)  mem = 0.02 MB  box = 156  bb = 58
ABC: + &scorr 
ABC: Warning: The network is combinational.
ABC: + &sweep 
ABC: + &dc2 
ABC: + &dch -f -r 
ABC: + &ps 
ABC: <abc-temp-dir>/input : i/o =     67/    161  and =      52  lev =    4 (   0.09)  mem = 0.02 MB  ch =    2  box = 139  bb = 58
ABC: cst =       0  cls =      1  lit =       2  unused =     336  proof =     0
ABC: + &if -W 500 -v 
ABC: K = 8. Memory (bytes): Truth =    0. Cut =   80. Obj =  160. Set =  816. CutMin = no
ABC: Node =      52.  Ch =     1.  Total mem =    0.16 MB. Peak cut mem =    0.01 MB.
ABC: P:  Del = 7957.00.  Ar =      41.0.  Edge =       99.  Cut =      123.  T =     0.00 sec
ABC: P:  Del = 7957.00.  Ar =      41.0.  Edge =       98.  Cut =      123.  T =     0.00 sec
ABC: P:  Del = 7957.00.  Ar =      40.0.  Edge =       98.  Cut =      123.  T =     0.00 sec
ABC: F:  Del = 7957.00.  Ar =      40.0.  Edge =       98.  Cut =      119.  T =     0.00 sec
ABC: A:  Del = 7957.00.  Ar =      40.0.  Edge =       98.  Cut =      119.  T =     0.00 sec
ABC: A:  Del = 7957.00.  Ar =      40.0.  Edge =       98.  Cut =      119.  T =     0.00 sec
ABC: Total time =     0.00 sec
ABC: + &write -n <abc-temp-dir>/output.aig 
ABC: + &mfs 
ABC: The network is not changed by "&mfs".
ABC: + &ps -l 
ABC: <abc-temp-dir>/input : i/o =     67/    161  and =      61  lev =    4 (   0.09)  mem = 0.02 MB  box = 139  bb = 58
ABC: Mapping (K=4)  :  lut =     40  edge =      98  lev =    2 (0.07)  levB =   30  mem = 0.00 MB
ABC: LUT = 40 : 2=24 60.0 %  3=14 35.0 %  4=2 5.0 %  Ave = 2.45
ABC: + &write -n <abc-temp-dir>/output.aig 
ABC: + &verify 
ABC: Networks are equivalent.  Time =     0.02 sec
ABC: + time 
ABC: elapse: 0.04 seconds, total: 0.04 seconds

3.44.19.6. Executing AIGER frontend.
<suppressed ~11 debug messages>
Removed 34 unused cells and 812 unused wires.

3.44.19.7. Executing ABC_OPS_REINTEGRATE pass (reintegrate ABC mapped design into module).
ABC RESULTS:              $lut cells:       43
ABC RESULTS:   \DFFC_$abc9_byp cells:        5
ABC RESULTS:   \DFFPE_$abc9_byp cells:        1
ABC RESULTS:   \DFFCE_$abc9_byp cells:       52
ABC RESULTS:   $paramod\ALU\ALU_MODE=s32'00000000000000000000000000000010 cells:       81
ABC RESULTS:           input signals:       61
ABC RESULTS:          output signals:      103
<suppressed ~473 debug messages>
Removing temp directory.

3.44.20. Executing TECHMAP pass (map to technology primitives).

3.44.20.1. Executing Verilog-2005 frontend: E:\EDA_Race\Cangku\new\SigFlow_FPGA_Cmake\external\fpga-tools\runtime\yosys\bin\..\share\abc9_unmap.v
Parsing Verilog input from `E:\EDA_Race\Cangku\new\SigFlow_FPGA_Cmake\external\fpga-tools\runtime\yosys\bin\..\share\abc9_unmap.v' to AST representation.
Generating RTLIL representation for module `$__DFF_x__$abc9_flop'.
Generating RTLIL representation for module `$__ABC9_SCC_BREAKER'.
Successfully finished Verilog frontend.

3.44.20.2. Continuing TECHMAP pass.
Using template DFFCE_$abc9_byp for cells of type DFFCE_$abc9_byp.
Using template DFFC_$abc9_byp for cells of type DFFC_$abc9_byp.
Using template $paramod\ALU\ALU_MODE=s32'00000000000000000000000000000010 for cells of type $paramod\ALU\ALU_MODE=s32'00000000000000000000000000000010.
Using template DFFPE_$abc9_byp for cells of type DFFPE_$abc9_byp.
No more expansions possible.
<suppressed ~148 debug messages>
Removed 2 unused cells and 2534 unused wires.

3.45. Executing TECHMAP pass (map to technology primitives).

3.45.1. Executing Verilog-2005 frontend: E:\EDA_Race\Cangku\new\SigFlow_FPGA_Cmake\external\fpga-tools\runtime\yosys\bin\..\share\gowin/cells_map.v
Parsing Verilog input from `E:\EDA_Race\Cangku\new\SigFlow_FPGA_Cmake\external\fpga-tools\runtime\yosys\bin\..\share\gowin/cells_map.v' to AST representation.
Generating RTLIL representation for module `$_DFF_N_'.
Generating RTLIL representation for module `$_DFF_P_'.
Generating RTLIL representation for module `$_DFFE_PP_'.
Generating RTLIL representation for module `$_DFFE_NP_'.
Generating RTLIL representation for module `$_SDFF_PP0_'.
Generating RTLIL representation for module `$_SDFF_NP0_'.
Generating RTLIL representation for module `$_SDFFE_PP0P_'.
Generating RTLIL representation for module `$_SDFFE_NP0P_'.
Generating RTLIL representation for module `$_SDFF_PP1_'.
Generating RTLIL representation for module `$_SDFF_NP1_'.
Generating RTLIL representation for module `$_SDFFE_PP1P_'.
Generating RTLIL representation for module `$_SDFFE_NP1P_'.
Generating RTLIL representation for module `$_DFF_PP1_'.
Generating RTLIL representation for module `$_DFF_NP1_'.
Generating RTLIL representation for module `$_DFF_PP0_'.
Generating RTLIL representation for module `$_DFF_NP0_'.
Generating RTLIL representation for module `$_DFFE_PP1P_'.
Generating RTLIL representation for module `$_DFFE_NP1P_'.
Generating RTLIL representation for module `$_DFFE_PP0P_'.
Generating RTLIL representation for module `$_DFFE_NP0P_'.
Generating RTLIL representation for module `$lut'.
Successfully finished Verilog frontend.

3.45.2. Continuing TECHMAP pass.
Using template $paramod$lut\WIDTH=32'00000000000000000000000000000010\LUT=4'1110 for cells of type $lut.
Using template $paramod$lut\WIDTH=32'00000000000000000000000000000011\LUT=8'10001010 for cells of type $lut.
Using template $paramod$lut\WIDTH=32'00000000000000000000000000000001\LUT=2'01 for cells of type $lut.
Using template $paramod$lut\WIDTH=32'00000000000000000000000000000011\LUT=8'00000010 for cells of type $lut.
Using template $paramod$272652f6c6fbe9a75eff76e45cc7e2788835518b$lut for cells of type $lut.
Using template $paramod$764f077a69bdc32449880eb7993086f6ef26b3ee$lut for cells of type $lut.
Using template $paramod$lut\WIDTH=32'00000000000000000000000000000010\LUT=4'0010 for cells of type $lut.
Using template $paramod$lut\WIDTH=32'00000000000000000000000000000010\LUT=4'0001 for cells of type $lut.
Using template $paramod$lut\WIDTH=32'00000000000000000000000000000011\LUT=8'11011000 for cells of type $lut.
Using template $paramod$lut\WIDTH=32'00000000000000000000000000000010\LUT=4'1000 for cells of type $lut.
Using template $paramod$lut\WIDTH=32'00000000000000000000000000000011\LUT=8'00001000 for cells of type $lut.
Using template $paramod$lut\WIDTH=32'00000000000000000000000000000011\LUT=8'00100000 for cells of type $lut.
Using template $paramod$lut\WIDTH=32'00000000000000000000000000000010\LUT=4'0100 for cells of type $lut.
No more expansions possible.
<suppressed ~235 debug messages>

3.46. Executing OPT_LUT_INS pass (discard unused LUT inputs).
Optimizing LUTs in min_led_uart_top.

3.47. Executing HILOMAP pass (mapping to constant drivers).
Removed 0 unused cells and 90 unused wires.

3.48. Executing AUTONAME pass.
Renamed 414 objects in module min_led_uart_top.
<suppressed ~414 debug messages>

3.49. Executing HIERARCHY pass (managing design hierarchy).
Attribute `top' found on module `min_led_uart_top'. Setting top module to min_led_uart_top.

3.49.1. Analyzing design hierarchy..
Top module:  \min_led_uart_top

3.49.2. Analyzing design hierarchy..
Top module:  \min_led_uart_top
Removed 0 unused modules.

3.50. Printing statistics.

=== min_led_uart_top ===

        +----------Local Count, excluding submodules.
        | 
      230 wires
      349 wire bits
      230 public wires
      349 public wire bits
        4 ports
        7 port bits
       52 cells
        1   GND
        2   IBUF
        3   LUT1
       24   LUT2
       14   LUT3
        2   LUT4
        5   OBUF
        1   VCC
      139 submodules
       81   ALU
        5   DFFC
       52   DFFCE
        1   DFFPE

=== design hierarchy ===

        +----------Count including submodules.
        | 
       52 min_led_uart_top

        +----------Count including submodules.
        | 
      230 wires
      349 wire bits
      230 public wires
      349 public wire bits
        4 ports
        7 port bits
        - memories
        - memory bits
        - processes
       52 cells
        1   GND
        2   IBUF
        3   LUT1
       24   LUT2
       14   LUT3
        2   LUT4
        5   OBUF
        1   VCC
      139 submodules
       81   ALU
        5   DFFC
       52   DFFCE
        1   DFFPE

3.51. Executing CHECK pass (checking for obvious problems).
Checking module min_led_uart_top...
Found and reported 0 problems.

4. Executing JSON backend.

End of script. Logfile hash: f44adab5f3
Yosys 0.67+ (git sha1 30fe16c7f, MSVC D:/Program_Files/VS2022/VC/Tools/MSVC/14.51.36231/bin/Hostx64/x64/cl.exe 19.51.36243.0)
Time spent: 1% 26x read_verilog (0 sec), 1% 23x opt_expr (0 sec), ...
