[  1%] Generating diagnostics
[  1%] Generating syntax
[  2%] Building CXX object tests/CMakeFiles/job_tests.dir/__/main/jobs/JobRegistry.cpp.o
[  2%] Building CXX object tests/CMakeFiles/job_tests.dir/__/main/jobs/PlatformProcess.cpp.o
[  2%] Building CXX object tests/CMakeFiles/job_tests.dir/__/main/fpga/ArtifactValidator.cpp.o
[  3%] Building CXX object tests/CMakeFiles/job_tests.dir/__/main/fpga/FpgaPackService.cpp.o
[  3%] Building CXX object tests/CMakeFiles/job_tests.dir/__/main/jobs/JobService.cpp.o
[  4%] Building CXX object tests/CMakeFiles/job_tests.dir/__/main/platform/DynamicLibrary.cpp.o
[  5%] Building CXX object tests/CMakeFiles/job_tests.dir/__/main/fpga/FpgaYosysLogParser.cpp.o
[  5%] Building CXX object tests/CMakeFiles/job_tests.dir/__/main/fpga/NextpnrLogParser.cpp.o
[  5%] Building CXX object tests/CMakeFiles/job_tests.dir/__/main/platform/LocalPipe.cpp.o
[  5%] Building CXX object tests/CMakeFiles/job_tests.dir/__/main/jobs/Sha256.cpp.o
[  6%] Building CXX object tests/CMakeFiles/job_tests.dir/job_tests.cpp.o
[  6%] Building CXX object tests/CMakeFiles/job_tests.dir/__/main/jobs/ToolJobs.cpp.o
[  6%] Building CXX object tests/CMakeFiles/job_tests.dir/__/3rd/json/jsoncpp.cpp.o
[  6%] Building CXX object slang/source/CMakeFiles/slang_slang.dir/SyntaxClone.cpp.o
[  6%] Building CXX object slang/source/CMakeFiles/slang_slang.dir/AllSyntax.cpp.o
[  7%] Building CXX object slang/source/CMakeFiles/slang_slang.dir/DiagCode.cpp.o
[  7%] Building CXX object slang/source/CMakeFiles/slang_slang.dir/TokenKind.cpp.o
[  8%] Building CXX object slang/source/CMakeFiles/slang_slang.dir/KnownSystemName.cpp.o
[  8%] Building CXX object slang/source/CMakeFiles/slang_slang.dir/VersionInfo.cpp.o
[  8%] Building CXX object slang/source/CMakeFiles/slang_slang.dir/analysis/AbstractFlowAnalysis.cpp.o
[  9%] Building CXX object slang/source/CMakeFiles/slang_slang.dir/analysis/AnalysisManager.cpp.o
[  9%] Building CXX object slang/source/CMakeFiles/slang_slang.dir/analysis/AnalyzedAssertion.cpp.o
[  9%] Building CXX object slang/source/CMakeFiles/slang_slang.dir/analysis/AnalyzedProcedure.cpp.o
[ 10%] Building CXX object slang/source/CMakeFiles/slang_slang.dir/analysis/CaseDecisionDag.cpp.o
[ 10%] Building CXX object slang/source/CMakeFiles/slang_slang.dir/analysis/ClockInference.cpp.o
[ 11%] Building CXX object slang/source/CMakeFiles/slang_slang.dir/analysis/DataFlowAnalysis.cpp.o
[ 11%] Building CXX object slang/source/CMakeFiles/slang_slang.dir/analysis/DFAResults.cpp.o
[ 11%] Building CXX object slang/source/CMakeFiles/slang_slang.dir/analysis/DriverTracker.cpp.o
[ 12%] Building CXX object slang/source/CMakeFiles/slang_slang.dir/analysis/ValueDriver.cpp.o
[ 12%] Building CXX object slang/source/CMakeFiles/slang_slang.dir/diagnostics/DiagnosticClient.cpp.o
[ 12%] Building CXX object slang/source/CMakeFiles/slang_slang.dir/diagnostics/DiagnosticEngine.cpp.o
[ 13%] Building CXX object slang/source/CMakeFiles/slang_slang.dir/diagnostics/Diagnostics.cpp.o
[ 13%] Building CXX object slang/source/CMakeFiles/slang_slang.dir/diagnostics/JsonDiagnosticClient.cpp.o
[ 14%] Linking CXX executable job_tests
[ 14%] Built target job_tests
[ 15%] Building CXX object slang/source/CMakeFiles/slang_slang.dir/diagnostics/StderrDiagnosticClient.cpp.o
[ 15%] Building CXX object slang/source/CMakeFiles/slang_slang.dir/diagnostics/TextDiagnosticClient.cpp.o
[ 15%] Building CXX object slang/source/CMakeFiles/slang_slang.dir/diagnostics/WaiverManager.cpp.o
[ 16%] Building CXX object slang/source/CMakeFiles/slang_slang.dir/driver/CompatSettings.cpp.o
[ 16%] Building CXX object slang/source/CMakeFiles/slang_slang.dir/driver/Driver.cpp.o
[ 16%] Building CXX object slang/source/CMakeFiles/slang_slang.dir/driver/MemoryStats.cpp.o
[ 17%] Building CXX object slang/source/CMakeFiles/slang_slang.dir/driver/SourceLoader.cpp.o
[ 17%] Building CXX object slang/source/CMakeFiles/slang_slang.dir/driver/UserDefinedSubroutine.cpp.o
[ 18%] Building CXX object slang/source/CMakeFiles/slang_slang.dir/numeric/ConstantValue.cpp.o
[ 18%] Building CXX object slang/source/CMakeFiles/slang_slang.dir/numeric/SVInt.cpp.o
[ 18%] Building CXX object slang/source/CMakeFiles/slang_slang.dir/numeric/Time.cpp.o
[ 19%] Building CXX object slang/source/CMakeFiles/slang_slang.dir/parsing/Lexer.cpp.o
[ 19%] Building CXX object slang/source/CMakeFiles/slang_slang.dir/parsing/LexerFacts.cpp.o
[ 19%] Building CXX object slang/source/CMakeFiles/slang_slang.dir/parsing/NumberParser.cpp.o
[ 20%] Building CXX object slang/source/CMakeFiles/slang_slang.dir/parsing/Parser.cpp.o
[ 20%] Building CXX object slang/source/CMakeFiles/slang_slang.dir/parsing/Parser_expressions.cpp.o
[ 21%] Building CXX object slang/source/CMakeFiles/slang_slang.dir/parsing/Parser_members.cpp.o
[ 21%] Building CXX object slang/source/CMakeFiles/slang_slang.dir/parsing/Parser_statements.cpp.o
[ 21%] Building CXX object slang/source/CMakeFiles/slang_slang.dir/parsing/ParserBase.cpp.o
[ 22%] Building CXX object slang/source/CMakeFiles/slang_slang.dir/parsing/ParserMetadata.cpp.o
[ 22%] Building CXX object slang/source/CMakeFiles/slang_slang.dir/parsing/Preprocessor.cpp.o
[ 23%] Building CXX object slang/source/CMakeFiles/slang_slang.dir/parsing/Preprocessor_macros.cpp.o
[ 23%] Building CXX object slang/source/CMakeFiles/slang_slang.dir/parsing/Preprocessor_pragmas.cpp.o
[ 23%] Building CXX object slang/source/CMakeFiles/slang_slang.dir/parsing/Token.cpp.o
[ 24%] Building CXX object slang/source/CMakeFiles/slang_slang.dir/syntax/CSTSerializer.cpp.o
[ 24%] Building CXX object slang/source/CMakeFiles/slang_slang.dir/syntax/SyntaxFacts.cpp.o
[ 24%] Building CXX object slang/source/CMakeFiles/slang_slang.dir/syntax/SyntaxNode.cpp.o
[ 25%] Building CXX object slang/source/CMakeFiles/slang_slang.dir/syntax/SyntaxPrinter.cpp.o
[ 25%] Building CXX object slang/source/CMakeFiles/slang_slang.dir/syntax/SyntaxTree.cpp.o
[ 26%] Building CXX object slang/source/CMakeFiles/slang_slang.dir/syntax/SyntaxRewriter.cpp.o
[ 26%] Building CXX object slang/source/CMakeFiles/slang_slang.dir/text/CharInfo.cpp.o
[ 26%] Building CXX object slang/source/CMakeFiles/slang_slang.dir/text/Glob.cpp.o
[ 27%] Building CXX object slang/source/CMakeFiles/slang_slang.dir/text/Json.cpp.o
[ 27%] Building CXX object slang/source/CMakeFiles/slang_slang.dir/text/SourceLocation.cpp.o
[ 27%] Building CXX object slang/source/CMakeFiles/slang_slang.dir/text/SourceManager.cpp.o
[ 28%] Building CXX object slang/source/CMakeFiles/slang_slang.dir/util/BumpAllocator.cpp.o
[ 28%] Building CXX object slang/source/CMakeFiles/slang_slang.dir/util/CommandLine.cpp.o
[ 29%] Building CXX object slang/source/CMakeFiles/slang_slang.dir/util/Fmt.cpp.o
[ 29%] Building CXX object slang/source/CMakeFiles/slang_slang.dir/util/IntervalMap.cpp.o
[ 29%] Building CXX object slang/source/CMakeFiles/slang_slang.dir/util/OS.cpp.o
[ 30%] Building CXX object slang/source/CMakeFiles/slang_slang.dir/util/SmallVector.cpp.o
[ 30%] Building CXX object slang/source/CMakeFiles/slang_slang.dir/util/String.cpp.o
[ 30%] Building CXX object slang/source/CMakeFiles/slang_slang.dir/util/ThreadPool.cpp.o
[ 31%] Building CXX object slang/source/CMakeFiles/slang_slang.dir/util/TimeTrace.cpp.o
[ 31%] Building CXX object slang/source/CMakeFiles/slang_slang.dir/util/Util.cpp.o
[ 32%] Building CXX object slang/source/CMakeFiles/slang_slang.dir/ast/builtins/ArrayMethods.cpp.o
[ 32%] Building CXX object slang/source/CMakeFiles/slang_slang.dir/ast/builtins/ConversionFuncs.cpp.o
[ 32%] Building CXX object slang/source/CMakeFiles/slang_slang.dir/ast/builtins/CoverageFuncs.cpp.o
[ 33%] Building CXX object slang/source/CMakeFiles/slang_slang.dir/ast/builtins/EnumMethods.cpp.o
[ 33%] Building CXX object slang/source/CMakeFiles/slang_slang.dir/ast/builtins/GateTypes.cpp.o
[ 34%] Building CXX object slang/source/CMakeFiles/slang_slang.dir/ast/builtins/MathFuncs.cpp.o
[ 34%] Building CXX object slang/source/CMakeFiles/slang_slang.dir/ast/builtins/MiscSystemFuncs.cpp.o
[ 34%] Building CXX object slang/source/CMakeFiles/slang_slang.dir/ast/builtins/NonConstFuncs.cpp.o
[ 35%] Building CXX object slang/source/CMakeFiles/slang_slang.dir/ast/builtins/QueryFuncs.cpp.o
[ 35%] Building CXX object slang/source/CMakeFiles/slang_slang.dir/ast/builtins/StdPackage.cpp.o
[ 35%] Building CXX object slang/source/CMakeFiles/slang_slang.dir/ast/builtins/StringMethods.cpp.o
[ 36%] Building CXX object slang/source/CMakeFiles/slang_slang.dir/ast/builtins/SystemTasks.cpp.o
[ 36%] Building CXX object slang/source/CMakeFiles/slang_slang.dir/ast/expressions/AssertionExpr.cpp.o
[ 37%] Building CXX object slang/source/CMakeFiles/slang_slang.dir/ast/expressions/AssignmentExpressions.cpp.o
[ 37%] Building CXX object slang/source/CMakeFiles/slang_slang.dir/ast/expressions/CallExpression.cpp.o
[ 37%] Building CXX object slang/source/CMakeFiles/slang_slang.dir/ast/expressions/ConversionExpression.cpp.o
[ 38%] Building CXX object slang/source/CMakeFiles/slang_slang.dir/ast/expressions/LiteralExpressions.cpp.o
[ 38%] Building CXX object slang/source/CMakeFiles/slang_slang.dir/ast/expressions/MiscExpressions.cpp.o
[ 38%] Building CXX object slang/source/CMakeFiles/slang_slang.dir/ast/expressions/Operator.cpp.o
[ 39%] Building CXX object slang/source/CMakeFiles/slang_slang.dir/ast/expressions/OperatorExpressions.cpp.o
[ 39%] Building CXX object slang/source/CMakeFiles/slang_slang.dir/ast/expressions/SelectExpressions.cpp.o
[ 40%] Building CXX object slang/source/CMakeFiles/slang_slang.dir/ast/statements/ConditionalStatements.cpp.o
[ 40%] Building CXX object slang/source/CMakeFiles/slang_slang.dir/ast/statements/LoopStatements.cpp.o
[ 40%] Building CXX object slang/source/CMakeFiles/slang_slang.dir/ast/statements/MiscStatements.cpp.o
[ 41%] Building CXX object slang/source/CMakeFiles/slang_slang.dir/ast/symbols/AttributeSymbol.cpp.o
[ 41%] Building CXX object slang/source/CMakeFiles/slang_slang.dir/ast/symbols/BlockSymbols.cpp.o
[ 41%] Building CXX object slang/source/CMakeFiles/slang_slang.dir/ast/symbols/CheckerSymbols.cpp.o
[ 42%] Building CXX object slang/source/CMakeFiles/slang_slang.dir/ast/symbols/ClassSymbols.cpp.o
[ 42%] Building CXX object slang/source/CMakeFiles/slang_slang.dir/ast/symbols/CompilationUnitSymbols.cpp.o
[ 43%] Building CXX object slang/source/CMakeFiles/slang_slang.dir/ast/symbols/CoverSymbols.cpp.o
[ 43%] Building CXX object slang/source/CMakeFiles/slang_slang.dir/ast/symbols/InstanceSymbols.cpp.o
[ 43%] Building CXX object slang/source/CMakeFiles/slang_slang.dir/ast/symbols/MemberSymbols.cpp.o
[ 44%] Building CXX object slang/source/CMakeFiles/slang_slang.dir/ast/symbols/ParameterBuilder.cpp.o
[ 44%] Building CXX object slang/source/CMakeFiles/slang_slang.dir/ast/symbols/ParameterSymbols.cpp.o
[ 44%] Building CXX object slang/source/CMakeFiles/slang_slang.dir/ast/symbols/PortSymbols.cpp.o
[ 45%] Building CXX object slang/source/CMakeFiles/slang_slang.dir/ast/symbols/SpecifySymbols.cpp.o
[ 45%] Building CXX object slang/source/CMakeFiles/slang_slang.dir/ast/symbols/SubroutineSymbols.cpp.o
[ 46%] Building CXX object slang/source/CMakeFiles/slang_slang.dir/ast/symbols/SymbolBuilders.cpp.o
[ 46%] Building CXX object slang/source/CMakeFiles/slang_slang.dir/ast/symbols/ValueSymbol.cpp.o
[ 46%] Building CXX object slang/source/CMakeFiles/slang_slang.dir/ast/symbols/VariableSymbols.cpp.o
[ 47%] Building CXX object slang/source/CMakeFiles/slang_slang.dir/ast/types/AllTypes.cpp.o
[ 47%] Building CXX object slang/source/CMakeFiles/slang_slang.dir/ast/types/DeclaredType.cpp.o
[ 48%] Building CXX object slang/source/CMakeFiles/slang_slang.dir/ast/types/NetType.cpp.o
[ 48%] Building CXX object slang/source/CMakeFiles/slang_slang.dir/ast/types/TypePrinter.cpp.o
[ 48%] Building CXX object slang/source/CMakeFiles/slang_slang.dir/ast/types/Type.cpp.o
[ 49%] Building CXX object slang/source/CMakeFiles/slang_slang.dir/ast/ASTContext.cpp.o
[ 49%] Building CXX object slang/source/CMakeFiles/slang_slang.dir/ast/ASTDiagMap.cpp.o
[ 49%] Building CXX object slang/source/CMakeFiles/slang_slang.dir/ast/ASTSerializer.cpp.o
[ 50%] Building CXX object slang/source/CMakeFiles/slang_slang.dir/ast/Bitstream.cpp.o
[ 50%] Building CXX object slang/source/CMakeFiles/slang_slang.dir/ast/Compilation.cpp.o
[ 51%] Building CXX object slang/source/CMakeFiles/slang_slang.dir/ast/Constraints.cpp.o
[ 51%] Building CXX object slang/source/CMakeFiles/slang_slang.dir/ast/DefParamResolver.cpp.o
[ 51%] Building CXX object slang/source/CMakeFiles/slang_slang.dir/ast/EvalContext.cpp.o
[ 52%] Building CXX object slang/source/CMakeFiles/slang_slang.dir/ast/Expression.cpp.o
[ 52%] Building CXX object slang/source/CMakeFiles/slang_slang.dir/ast/FmtHelpers.cpp.o
[ 52%] Building CXX object slang/source/CMakeFiles/slang_slang.dir/ast/HierarchicalReference.cpp.o
[ 53%] Building CXX object slang/source/CMakeFiles/slang_slang.dir/ast/InstanceCacheKey.cpp.o
[ 53%] Building CXX object slang/source/CMakeFiles/slang_slang.dir/ast/Lookup.cpp.o
[ 54%] Building CXX object slang/source/CMakeFiles/slang_slang.dir/ast/LValue.cpp.o
[ 54%] Building CXX object slang/source/CMakeFiles/slang_slang.dir/ast/OpaqueInstancePath.cpp.o
[ 54%] Building CXX object slang/source/CMakeFiles/slang_slang.dir/ast/Patterns.cpp.o
[ 55%] Building CXX object slang/source/CMakeFiles/slang_slang.dir/ast/Scope.cpp.o
[ 55%] Building CXX object slang/source/CMakeFiles/slang_slang.dir/ast/ScriptSession.cpp.o
[ 55%] Building CXX object slang/source/CMakeFiles/slang_slang.dir/ast/SemanticFacts.cpp.o
[ 56%] Building CXX object slang/source/CMakeFiles/slang_slang.dir/ast/SFormat.cpp.o
[ 56%] Building CXX object slang/source/CMakeFiles/slang_slang.dir/ast/Statement.cpp.o
[ 57%] Building CXX object slang/source/CMakeFiles/slang_slang.dir/ast/Symbol.cpp.o
[ 57%] Building CXX object slang/source/CMakeFiles/slang_slang.dir/ast/SystemSubroutine.cpp.o
[ 57%] Building CXX object slang/source/CMakeFiles/slang_slang.dir/ast/TimingControl.cpp.o
[ 58%] Building CXX object slang/source/CMakeFiles/slang_slang.dir/ast/TypeProvider.cpp.o
[ 58%] Building CXX object slang/source/CMakeFiles/slang_slang.dir/ast/ValuePath.cpp.o
[ 59%] Linking CXX static library ../lib/libsvlang.a
[ 59%] Built target slang_slang
[ 60%] Building CXX object CMakeFiles/sigflow.dir/main/CanvasElement.cpp.o
[ 61%] Building CXX object CMakeFiles/sigflow.dir/main/CanvasModel.cpp.o
[ 61%] Building CXX object CMakeFiles/sigflow.dir/main/CanvasNoteBook.cpp.o
[ 61%] Building CXX object CMakeFiles/sigflow.dir/main/MainMenuBar.cpp.o
[ 61%] Building CXX object CMakeFiles/sigflow.dir/main/AsyncAnalysisCenter.cpp.o
[ 61%] Building CXX object CMakeFiles/sigflow.dir/main/FpgaSynthesisJob.cpp.o
[ 61%] Building CXX object CMakeFiles/sigflow.dir/main/BuildProgressBar.cpp.o
[ 61%] Building CXX object CMakeFiles/sigflow.dir/main/FpgaYosysExecutor.cpp.o
[ 62%] Building CXX object CMakeFiles/sigflow.dir/main/FpgaYosysScriptGenerator.cpp.o
[ 62%] Building CXX object CMakeFiles/sigflow.dir/main/FpgaYosysRuntime.cpp.o
[ 63%] Building CXX object CMakeFiles/sigflow.dir/main/HandyToolKit.cpp.o
[ 63%] Building CXX object CMakeFiles/sigflow.dir/main/CanvasEventHandler.cpp.o
[ 63%] Building CXX object CMakeFiles/sigflow.dir/main/MainFrame.cpp.o
[ 64%] Building CXX object CMakeFiles/sigflow.dir/main/PluginManager.cpp.o
[ 65%] Building CXX object CMakeFiles/sigflow.dir/main/CanvasTextElement.cpp.o
[ 65%] Building CXX object CMakeFiles/sigflow.dir/main/CanvasPanel.cpp.o
[ 65%] Building CXX object CMakeFiles/sigflow.dir/main/PluginStore.cpp.o
[ 66%] Building CXX object CMakeFiles/sigflow.dir/main/ProjectStartWindow.cpp.o
[ 66%] Building CXX object CMakeFiles/sigflow.dir/main/ProjectTreePanel.cpp.o
[ 66%] Building CXX object CMakeFiles/sigflow.dir/main/PropertyPanelBuilder.cpp.o
[ 67%] Building CXX object CMakeFiles/sigflow.dir/main/SFNPropertyPanel.cpp.o
[ 67%] Building CXX object CMakeFiles/sigflow.dir/main/SVGParser.cpp.o
[ 67%] Building CXX object CMakeFiles/sigflow.dir/main/SigFlowTreePanel.cpp.o
[ 68%] Building CXX object CMakeFiles/sigflow.dir/main/SigTextEditor.cpp.o
[ 68%] Building CXX object CMakeFiles/sigflow.dir/main/SigTree.cpp.o
[ 69%] Building CXX object CMakeFiles/sigflow.dir/main/Simulation/SimMainGenerator.cpp.o
[ 69%] Building CXX object CMakeFiles/sigflow.dir/main/Simulation/SimulationEngine.cpp.o
[ 69%] Building CXX object CMakeFiles/sigflow.dir/main/Simulation/StimulusParser.cpp.o
[ 70%] Building CXX object CMakeFiles/sigflow.dir/main/Simulation/TimelineGenerator.cpp.o
[ 70%] Building CXX object CMakeFiles/sigflow.dir/main/TerminalController.cpp.o
[ 70%] Building CXX object CMakeFiles/sigflow.dir/main/TerminalCtrl.cpp.o
[ 71%] Building CXX object CMakeFiles/sigflow.dir/main/ToolStateMachine.cpp.o
[ 71%] Building CXX object CMakeFiles/sigflow.dir/main/ToolboxModel.cpp.o
[ 72%] Building CXX object CMakeFiles/sigflow.dir/main/ToolboxPanel.cpp.o
[ 72%] Building CXX object CMakeFiles/sigflow.dir/main/TreeSitterLinter.cpp.o
[ 72%] Building CXX object CMakeFiles/sigflow.dir/main/VerilogManager.cpp.o
[ 73%] Building CXX object CMakeFiles/sigflow.dir/main/VerilogStructuring.cpp.o
[ 73%] Building CXX object CMakeFiles/sigflow.dir/main/Wire.cpp.o
[ 73%] Building CXX object CMakeFiles/sigflow.dir/main/cMain.cpp.o
[ 74%] Building CXX object CMakeFiles/sigflow.dir/main/debug/CaptureDecoder.cpp.o
[ 74%] Building CXX object CMakeFiles/sigflow.dir/main/debug/DebugAcquisition.cpp.o
[ 75%] Building CXX object CMakeFiles/sigflow.dir/main/debug/DebugBehaviorSummary.cpp.o
[ 75%] Building CXX object CMakeFiles/sigflow.dir/main/debug/DebugContract.cpp.o
[ 75%] Building CXX object CMakeFiles/sigflow.dir/main/debug/DebugContractConfigWindow.cpp.o
[ 76%] Building CXX object CMakeFiles/sigflow.dir/main/debug/DebugFingerprint.cpp.o
[ 76%] Building CXX object CMakeFiles/sigflow.dir/main/debug/DebugMappingBuilder.cpp.o
[ 77%] Building CXX object CMakeFiles/sigflow.dir/main/debug/DebugNetlistValidator.cpp.o
[ 77%] Building CXX object CMakeFiles/sigflow.dir/main/debug/DebugOverlayBuilder.cpp.o
[ 77%] Building CXX object CMakeFiles/sigflow.dir/main/debug/DebugProtocol.cpp.o
[ 78%] Building CXX object CMakeFiles/sigflow.dir/main/debug/DebugSession.cpp.o
[ 78%] Building CXX object CMakeFiles/sigflow.dir/main/debug/PipeTransport.cpp.o
[ 78%] Building CXX object CMakeFiles/sigflow.dir/main/debug/ReplayScenario.cpp.o
[ 79%] Building CXX object CMakeFiles/sigflow.dir/main/debug/RootCauseGraph.cpp.o
[ 79%] Building CXX object CMakeFiles/sigflow.dir/main/debug/SerialPortEnumerator.cpp.o
[ 80%] Building CXX object CMakeFiles/sigflow.dir/main/debug/SerialTransport.cpp.o
[ 80%] Building CXX object CMakeFiles/sigflow.dir/main/debug/TraceBridgeWindow.cpp.o
[ 80%] Building CXX object CMakeFiles/sigflow.dir/main/debug/WaveformAligner.cpp.o
[ 81%] Building CXX object CMakeFiles/sigflow.dir/main/debug/WaveformComparator.cpp.o
[ 81%] Building CXX object CMakeFiles/sigflow.dir/main/fpga/ArtifactValidator.cpp.o
[ 81%] Building CXX object CMakeFiles/sigflow.dir/main/fpga/CstValidator.cpp.o
[ 82%] Building CXX object CMakeFiles/sigflow.dir/main/fpga/FpgaConstraint.cpp.o
[ 82%] Building CXX object CMakeFiles/sigflow.dir/main/fpga/FpgaPackService.cpp.o
[ 83%] Building CXX object CMakeFiles/sigflow.dir/main/fpga/FpgaPinBindingPanel.cpp.o
[ 83%] Building CXX object CMakeFiles/sigflow.dir/main/fpga/FpgaPinData.cpp.o
[ 83%] Building CXX object CMakeFiles/sigflow.dir/main/fpga/FpgaSynthesisJobsPanel.cpp.o
[ 84%] Building CXX object CMakeFiles/sigflow.dir/main/fpga/FpgaToolWindow.cpp.o
[ 84%] Building CXX object CMakeFiles/sigflow.dir/main/fpga/FpgaYosysLogParser.cpp.o
[ 84%] Building CXX object CMakeFiles/sigflow.dir/main/fpga/FpgaYosysReport.cpp.o
[ 85%] Building CXX object CMakeFiles/sigflow.dir/main/fpga/NextpnrExecutor.cpp.o
[ 85%] Building CXX object CMakeFiles/sigflow.dir/main/fpga/NextpnrJob.cpp.o
[ 86%] Building CXX object CMakeFiles/sigflow.dir/main/fpga/NextpnrJobsPanel.cpp.o
[ 86%] Building CXX object CMakeFiles/sigflow.dir/main/fpga/NextpnrLogParser.cpp.o
[ 86%] Building CXX object CMakeFiles/sigflow.dir/main/fpga/NextpnrReport.cpp.o
[ 87%] Building CXX object CMakeFiles/sigflow.dir/main/jobs/JobRegistry.cpp.o
[ 87%] Building CXX object CMakeFiles/sigflow.dir/main/jobs/JobService.cpp.o
[ 87%] Building CXX object CMakeFiles/sigflow.dir/main/jobs/PlatformProcess.cpp.o
[ 88%] Building CXX object CMakeFiles/sigflow.dir/main/jobs/Sha256.cpp.o
[ 88%] Building CXX object CMakeFiles/sigflow.dir/main/jobs/ToolJobs.cpp.o
[ 89%] Building CXX object CMakeFiles/sigflow.dir/main/parse_progress.cpp.o
[ 89%] Building CXX object CMakeFiles/sigflow.dir/main/platform/DynamicLibrary.cpp.o
[ 89%] Building CXX object CMakeFiles/sigflow.dir/main/platform/LocalPipe.cpp.o
[ 90%] Building CXX object CMakeFiles/sigflow.dir/main/platform/SerialEnumerator.cpp.o
[ 90%] Building CXX object CMakeFiles/sigflow.dir/main/platform/SerialPort.cpp.o
[ 91%] Building CXX object CMakeFiles/sigflow.dir/main/platform/SimToolchain.cpp.o
[ 91%] Building CXX object CMakeFiles/sigflow.dir/main/trace/TraceCache.cpp.o
[ 91%] Building CXX object CMakeFiles/sigflow.dir/main/trace/TraceMemoryBudget.cpp.o
[ 92%] Building CXX object CMakeFiles/sigflow.dir/main/trace/TraceQueryService.cpp.o
[ 92%] Building CXX object CMakeFiles/sigflow.dir/main/trace/TraceSidecarIndex.cpp.o
[ 92%] Building CXX object CMakeFiles/sigflow.dir/main/trace/VcdLazyTraceSource.cpp.o
[ 93%] Building CXX object CMakeFiles/sigflow.dir/main/wave/TraceViewPanel.cpp.o
[ 93%] Building CXX object CMakeFiles/sigflow.dir/main/wave/WaveAnalysis.cpp.o
[ 94%] Building CXX object CMakeFiles/sigflow.dir/main/wave/WaveCompareHub.cpp.o
[ 94%] Building CXX object CMakeFiles/sigflow.dir/main/wave/WavePatternSearch.cpp.o
[ 94%] Building CXX object CMakeFiles/sigflow.dir/main/wave/WaveSession.cpp.o
[ 95%] Building CXX object CMakeFiles/sigflow.dir/main/wave/WaveUartLane.cpp.o
[ 95%] Building CXX object CMakeFiles/sigflow.dir/main/wave/WaveformGLCanvas.cpp.o
[ 95%] Building CXX object CMakeFiles/sigflow.dir/main/wave/WaveformGLRenderer.cpp.o
[ 96%] Building CXX object CMakeFiles/sigflow.dir/main/wave/WaveformMiniMap.cpp.o
[ 96%] Building CXX object CMakeFiles/sigflow.dir/main/wave/WaveformRenderData.cpp.o
[ 97%] Building CXX object CMakeFiles/sigflow.dir/main/wave/WaveformTextLayer.cpp.o
[ 97%] Building CXX object CMakeFiles/sigflow.dir/main/wave/WaveformView.cpp.o
[ 97%] Building CXX object CMakeFiles/sigflow.dir/3rd/json/jsoncpp.cpp.o
[ 98%] Building C object CMakeFiles/sigflow.dir/3rd/tree-sitter-verilog/src/parser.c.o
[ 98%] Building C object CMakeFiles/sigflow.dir/3rd/tree-sitter/lib/src/lib.c.o
[ 98%] Building CXX object CMakeFiles/sigflow.dir/3rd/vcd/vcd.cpp.o
[100%] Linking CXX executable sigflow
[100%] Built target sigflow
