[07:59:30][INFO] Application started
[07:59:33][INFO] Opening project: E:\EDA_new\testcase\testcase\complete
[07:59:33][INFO] Add to history: E:\EDA_new\testcase\testcase\complete
[08:37:06][INFO] Application started
[08:37:12][INFO] Opening project: E:\EDA_new\testcase\testcase\complete
[08:37:12][INFO] Add to history: E:\EDA_new\testcase\testcase\complete
[15:14:20][INFO] Application started
[15:15:51][INFO] Opening project: E:\EDA_new\testcase\testcase\complete
[15:15:51][INFO] Add to history: E:\EDA_new\testcase\testcase\complete
[18:47:36][INFO] Application started
[18:47:38][INFO] Opening project: E:\EDA_new\testcase\testcase\complete
[18:47:38][INFO] Add to history: E:\EDA_new\testcase\testcase\complete
[19:44:12][INFO] Application started
[19:44:52][INFO] Opening project: E:\EDA_new\testcase\testcase\complete
[19:44:52][INFO] Add to history: E:\EDA_new\testcase\testcase\complete
[11:28:04][INFO] Application started
[11:28:06][INFO] Opening project: E:\EDA_new\testcase\testcase\complete
[11:28:06][INFO] Add to history: E:\EDA_new\testcase\testcase\complete
[11:28:18][INFO] Application started
[11:28:21][INFO] Opening project: E:\EDA_new\testcase\testcase\FullAdder
[11:28:21][INFO] Add to history: E:\EDA_new\testcase\testcase\FullAdder
[11:28:57][INFO] Application started
[11:28:59][INFO] Opening project: E:\EDA_new\testcase\testcase\complete
[11:28:59][INFO] Add to history: E:\EDA_new\testcase\testcase\complete
[11:29:14][INFO] Application started
[11:29:17][INFO] Opening project: E:\EDA_new\testcase\testcase\complete
[11:29:17][INFO] Add to history: E:\EDA_new\testcase\testcase\complete
[12:00:04][INFO] Application started
[12:00:05][INFO] Opening project: E:\EDA_new\testcase\testcase\complete
[12:00:05][INFO] Add to history: E:\EDA_new\testcase\testcase\complete
[12:50:39][INFO] Application started
[12:50:52][INFO] Opening project: E:\EDA_new\testcase\testcase\complete
[12:50:52][INFO] Add to history: E:\EDA_new\testcase\testcase\complete
[13:50:13][INFO] Application started
[13:50:15][INFO] Opening project: E:\EDA_new\testcase\testcase\complete
[13:50:15][INFO] Add to history: E:\EDA_new\testcase\testcase\complete
[16:53:26][INFO] Application started
[16:53:27][INFO] Opening project: E:\EDA_new\testcase\testcase\complete
[16:53:27][INFO] Add to history: E:\EDA_new\testcase\testcase\complete
[17:15:11][INFO] Application started
[17:15:13][INFO] Opening project: E:\EDA_new\testcase\testcase\complete
[17:15:13][INFO] Add to history: E:\EDA_new\testcase\testcase\complete
[18:04:28][INFO] Application started
[18:04:29][INFO] Opening project: E:\EDA_new\testcase\testcase\complete
[18:04:29][INFO] Add to history: E:\EDA_new\testcase\testcase\complete
[18:04:54][INFO] Application started
[18:04:56][INFO] Opening project: E:\EDA_new\testcase\testcase\complete
[18:04:56][INFO] Add to history: E:\EDA_new\testcase\testcase\complete
[18:56:07][INFO] Application started
[18:56:08][INFO] Opening project: E:\EDA_new\testcase\testcase\complete
[18:56:08][INFO] Add to history: E:\EDA_new\testcase\testcase\complete
[19:12:41][INFO] Application started
[19:12:43][INFO] Opening project: E:\EDA_new\testcase\testcase\complete
[19:12:43][INFO] Add to history: E:\EDA_new\testcase\testcase\complete
[20:44:15][INFO] Application started
[20:44:17][INFO] Opening project: E:\EDA_new\testcase\testcase\complete
[20:44:17][INFO] Add to history: E:\EDA_new\testcase\testcase\complete
[00:46:52][INFO] Application started
[00:46:53][INFO] Opening project: E:\EDA_new\testcase\testcase\complete
[00:46:53][INFO] Add to history: E:\EDA_new\testcase\testcase\complete
[00:47:58][INFO] Application started
[00:47:59][INFO] Opening project: E:\EDA_new\testcase\testcase\complete
[00:47:59][INFO] Add to history: E:\EDA_new\testcase\testcase\complete
[00:48:31][INFO] Application started
[00:48:33][INFO] Opening project: E:\EDA_new\testcase\testcase\complete
[00:48:33][INFO] Add to history: E:\EDA_new\testcase\testcase\complete
[11:42:55][INFO] Application started
[11:42:58][INFO] Opening project: E:\EDA_new\testcase\testcase\complete
[11:42:58][INFO] Add to history: E:\EDA_new\testcase\testcase\complete
[11:14:45][INFO] Application started
[11:14:47][INFO] Opening project: E:\EDA_new\testcase\testcase\complete
[11:14:47][INFO] Add to history: E:\EDA_new\testcase\testcase\complete
[11:22:46][INFO] Application started
[11:22:48][INFO] Opening project: E:\EDA_new\testcase\testcase\complete
[11:22:48][INFO] Add to history: E:\EDA_new\testcase\testcase\complete
[01:15:09][INFO] Application started
[01:15:20][INFO] Opening project: E:\EDA_new\testcase\testcase\complete
[01:15:20][INFO] Add to history: E:\EDA_new\testcase\testcase\complete
[01:47:26][INFO] Application started
[01:47:29][INFO] Opening project: E:\EDA_new\testcase\testcase\complete
[01:47:29][INFO] Add to history: E:\EDA_new\testcase\testcase\complete
[02:00:37][INFO] Application started
[09:01:56][INFO] Application started
[09:01:58][INFO] Opening project: E:\EDA_new\testcase\testcase\complete
[09:01:58][INFO] Add to history: E:\EDA_new\testcase\testcase\complete
[09:02:18][INFO] Application started
[09:02:20][INFO] Opening project: E:\EDA_new\testcase\testcase\FullAdder
[09:02:20][INFO] Add to history: E:\EDA_new\testcase\testcase\FullAdder
[17:41:15][INFO] Application started
[17:42:10][INFO] Opening project: E:\EDA_new\testcase\testcase\FullAdder
[17:42:10][INFO] Add to history: E:\EDA_new\testcase\testcase\FullAdder
[18:55:09][INFO] Application started
[01:23:39][INFO] Application started
[01:23:41][INFO] Opening project: E:\EDA_new\testcase\testcase\FullAdder
[01:23:41][INFO] Add to history: E:\EDA_new\testcase\testcase\FullAdder
[01:25:26][INFO] Application started
[01:25:32][INFO] Application started
[01:25:37][INFO] Opening project: E:\EDA_new\testcase\testcase\FullAdder
[01:25:37][INFO] Add to history: E:\EDA_new\testcase\testcase\FullAdder
[10:12:30][INFO] Application started
[10:12:35][INFO] Opening project: E:\EDA_new\testcase\testcase\FullAdder
[10:12:35][INFO] Add to history: E:\EDA_new\testcase\testcase\FullAdder
[10:16:01][INFO] Application started
[10:16:03][INFO] Opening project: E:\EDA_new\testcase\testcase\FullAdder
[10:16:03][INFO] Add to history: E:\EDA_new\testcase\testcase\FullAdder
[13:28:50][INFO] Application started
[13:28:51][INFO] Opening project: E:\EDA_new\testcase\testcase\FullAdder
[13:28:51][INFO] Add to history: E:\EDA_new\testcase\testcase\FullAdder
[15:20:48][INFO] Application started
[15:20:55][INFO] Opening project: E:\EDA_new\testcase\testcase\FullAdder
[15:20:55][INFO] Add to history: E:\EDA_new\testcase\testcase\FullAdder
[15:59:52][INFO] Application started
[15:59:54][INFO] Opening project: E:\EDA_new\testcase\testcase\FullAdder
[15:59:54][INFO] Add to history: E:\EDA_new\testcase\testcase\FullAdder
[16:11:51][INFO] Application started
[16:11:52][INFO] Opening project: E:\EDA_new\testcase\testcase\FullAdder
[16:11:52][INFO] Add to history: E:\EDA_new\testcase\testcase\FullAdder
[16:27:14][INFO] Application started
[16:27:16][INFO] Opening project: E:\EDA_new\testcase\testcase\FullAdder
[16:27:16][INFO] Add to history: E:\EDA_new\testcase\testcase\FullAdder
[07:48:59][INFO] Application started
[07:49:02][INFO] Opening project: E:\EDA_new\testcase\testcase\FullAdder
[07:49:02][INFO] Add to history: E:\EDA_new\testcase\testcase\FullAdder
[08:00:59][INFO] Application started
[08:01:04][INFO] Opening project: E:\EDA_new\testcase\testcase\FullAdder
[08:01:04][INFO] Add to history: E:\EDA_new\testcase\testcase\FullAdder
[08:07:18][INFO] Application started
[08:09:39][INFO] Opening project: E:\EDA_new\testcase\testcase\FullAdder
[08:09:39][INFO] Add to history: E:\EDA_new\testcase\testcase\FullAdder
[09:01:38][INFO] Application started
[09:15:05][INFO] Opening project: E:\EDA_new\testcase\testcase\complete
[09:15:05][INFO] Add to history: E:\EDA_new\testcase\testcase\complete
[15:36:42][INFO] Application started
[15:36:50][INFO] Opening project: E:\EDA_new\testcase\testcase\complete
[15:36:50][INFO] Add to history: E:\EDA_new\testcase\testcase\complete
[15:48:35][INFO] Application started
[16:10:51][INFO] Opening project: E:\EDA_new\testcase\testcase\complete
[16:10:51][INFO] Add to history: E:\EDA_new\testcase\testcase\complete
[23:58:08][INFO] Application started
[00:47:28][INFO] Opening project: E:\EDA_new\testcase\testcase\complete
[00:47:28][INFO] Add to history: E:\EDA_new\testcase\testcase\complete
[15:23:54][INFO] Application started
[15:31:39][INFO] Application started
[15:31:54][INFO] Opening project: E:\EDA_Race\Cangku\new\SigFlow_FPGA\examples\tracebridge_tangnano9k
[15:31:54][INFO] Add to history: E:\EDA_Race\Cangku\new\SigFlow_FPGA\examples\tracebridge_tangnano9k
[15:38:22][INFO] Application started
[15:38:28][INFO] Opening project: E:\EDA_Race\Cangku\new\SigFlow_FPGA\examples\tracebridge_tangnano9k
[15:38:28][INFO] Add to history: E:\EDA_Race\Cangku\new\SigFlow_FPGA\examples\tracebridge_tangnano9k
[15:50:15][INFO] Application started
[15:50:18][INFO] Opening project: E:\EDA_Race\Cangku\new\SigFlow_FPGA\examples\tracebridge_tangnano9k
[15:50:18][INFO] Add to history: E:\EDA_Race\Cangku\new\SigFlow_FPGA\examples\tracebridge_tangnano9k
[16:05:44][INFO] Application started
[16:05:45][INFO] Opening project: E:\EDA_Race\Cangku\new\SigFlow_FPGA\examples\tracebridge_tangnano9k
[16:05:45][INFO] Add to history: E:\EDA_Race\Cangku\new\SigFlow_FPGA\examples\tracebridge_tangnano9k
[16:24:20][INFO] Application started
[16:24:22][INFO] Opening project: E:\EDA_Race\Cangku\new\SigFlow_FPGA\examples\tracebridge_tangnano9k
[16:24:22][INFO] Add to history: E:\EDA_Race\Cangku\new\SigFlow_FPGA\examples\tracebridge_tangnano9k
[16:29:19][INFO] Application started
[16:29:20][INFO] Opening project: E:\EDA_Race\Cangku\new\SigFlow_FPGA\examples\tracebridge_tangnano9k
[16:29:20][INFO] Add to history: E:\EDA_Race\Cangku\new\SigFlow_FPGA\examples\tracebridge_tangnano9k
[15:49:47][INFO] Application started
[15:49:51][INFO] Opening project: E:\EDA_Race\Cangku\new\SigFlow_FPGA\examples\tracebridge_tangnano9k
[15:49:51][INFO] Add to history: E:\EDA_Race\Cangku\new\SigFlow_FPGA\examples\tracebridge_tangnano9k
[15:52:33][INFO] Application started
[15:52:37][INFO] Opening project: E:\EDA_Race\Cangku\new\SigFlow_FPGA\examples\tracebridge_tangnano9k
[15:52:37][INFO] Add to history: E:\EDA_Race\Cangku\new\SigFlow_FPGA\examples\tracebridge_tangnano9k
[15:56:30][INFO] Application started
[15:56:32][INFO] Opening project: E:\EDA_Race\Cangku\new\SigFlow_FPGA\examples\tracebridge_tangnano9k
[15:56:32][INFO] Add to history: E:\EDA_Race\Cangku\new\SigFlow_FPGA\examples\tracebridge_tangnano9k
[17:40:56][INFO] Application started
[17:40:58][INFO] Opening project: E:\EDA_Race\Cangku\new\SigFlow_FPGA\examples\tracebridge_tangnano9k
[17:40:58][INFO] Add to history: E:\EDA_Race\Cangku\new\SigFlow_FPGA\examples\tracebridge_tangnano9k
[18:02:54][INFO] Application started
[18:02:58][INFO] Opening project: E:\EDA_Race\Cangku\new\SigFlow_FPGA\examples\tracebridge_tangnano9k
[18:02:58][INFO] Add to history: E:\EDA_Race\Cangku\new\SigFlow_FPGA\examples\tracebridge_tangnano9k
[18:04:01][INFO] Application started
[18:04:02][INFO] Opening project: E:\EDA_Race\Cangku\new\SigFlow_FPGA\examples\tracebridge_tangnano9k
[18:04:02][INFO] Add to history: E:\EDA_Race\Cangku\new\SigFlow_FPGA\examples\tracebridge_tangnano9k
[18:06:15][INFO] Application started
[16:45:24][INFO] Application started
[16:45:27][INFO] Opening project: E:\EDA_Race\Cangku\new\SigFlow_FPGA\examples\tracebridge_tangnano9k
[16:45:27][INFO] Add to history: E:\EDA_Race\Cangku\new\SigFlow_FPGA\examples\tracebridge_tangnano9k
[16:50:47][INFO] Application started
[16:50:49][INFO] Opening project: E:\EDA_Race\Cangku\new\SigFlow_FPGA\examples\tracebridge_tangnano9k
[16:50:49][INFO] Add to history: E:\EDA_Race\Cangku\new\SigFlow_FPGA\examples\tracebridge_tangnano9k
[17:29:55][INFO] Application started
[17:30:01][INFO] Opening project: E:\EDA_Race\Cangku\new\SigFlow_FPGA\examples\tracebridge_tangnano9k
[17:30:01][INFO] Add to history: E:\EDA_Race\Cangku\new\SigFlow_FPGA\examples\tracebridge_tangnano9k
[17:32:25][INFO] Application started
[17:32:32][INFO] Opening project: E:\EDA_Race\Cangku\new\SigFlow_FPGA\examples\tracebridge_tangnano9k
[17:32:32][INFO] Add to history: E:\EDA_Race\Cangku\new\SigFlow_FPGA\examples\tracebridge_tangnano9k
[17:32:45][INFO] Application started
[17:44:33][INFO] Application started
[17:44:36][INFO] Opening project: E:\EDA_Race\Cangku\new\SigFlow_FPGA\examples\tracebridge_tangnano9k
[17:44:36][INFO] Add to history: E:\EDA_Race\Cangku\new\SigFlow_FPGA\examples\tracebridge_tangnano9k
[00:11:05][INFO] Application started
[00:11:13][INFO] Opening project: E:\EDA_Race\Cangku\new\SigFlow_FPGA\examples\tracebridge_tangnano9k
[00:11:13][INFO] Add to history: E:\EDA_Race\Cangku\new\SigFlow_FPGA\examples\tracebridge_tangnano9k
[00:28:36][INFO] Application started
[00:28:38][INFO] Opening project: E:\EDA_Race\Cangku\new\SigFlow_FPGA\examples\tracebridge_tangnano9k
[00:28:38][INFO] Add to history: E:\EDA_Race\Cangku\new\SigFlow_FPGA\examples\tracebridge_tangnano9k
[09:08:05][INFO] Application started
[09:08:06][INFO] Opening project: E:\EDA_Race\Cangku\new\SigFlow_FPGA\examples\tracebridge_tangnano9k
[09:08:06][INFO] Add to history: E:\EDA_Race\Cangku\new\SigFlow_FPGA\examples\tracebridge_tangnano9k
[09:48:27][INFO] Application started
[09:50:01][INFO] Opening project: E:\EDA_Race\Cangku\new\SigFlow_FPGA\examples\tracebridge_tangnano9k
[09:50:01][INFO] Add to history: E:\EDA_Race\Cangku\new\SigFlow_FPGA\examples\tracebridge_tangnano9k
[10:38:42][INFO] Application started
[10:38:44][INFO] Opening project: E:\EDA_Race\Cangku\new\SigFlow_FPGA\examples\tracebridge_tangnano9k
[10:38:44][INFO] Add to history: E:\EDA_Race\Cangku\new\SigFlow_FPGA\examples\tracebridge_tangnano9k
[10:40:47][INFO] Application started
[10:40:48][INFO] Opening project: E:\EDA_Race\Cangku\new\SigFlow_FPGA\examples\tracebridge_tangnano9k
[10:40:48][INFO] Add to history: E:\EDA_Race\Cangku\new\SigFlow_FPGA\examples\tracebridge_tangnano9k
[14:35:31][INFO] Application started
[14:35:33][INFO] Opening project: E:\EDA_Race\Cangku\new\SigFlow_FPGA\examples\tracebridge_tangnano9k
[14:35:33][INFO] Add to history: E:\EDA_Race\Cangku\new\SigFlow_FPGA\examples\tracebridge_tangnano9k
[14:55:34][INFO] Application started
[14:55:41][INFO] Opening project: E:\EDA_Race\Cangku\new\SigFlow_FPGA\examples\tracebridge_tangnano9k
[14:55:41][INFO] Add to history: E:\EDA_Race\Cangku\new\SigFlow_FPGA\examples\tracebridge_tangnano9k
[08:39:26][INFO] Application started
[08:39:27][INFO] Opening project: E:\EDA_Race\Cangku\new\SigFlow_FPGA\examples\tracebridge_tangnano9k
[08:39:27][INFO] Add to history: E:\EDA_Race\Cangku\new\SigFlow_FPGA\examples\tracebridge_tangnano9k
[11:19:50][INFO] Application started
[11:20:01][INFO] Opening project: E:\EDA_Race\Cangku\new\SigFlow_FPGA\examples\tracebridge_tangnano9k
[11:20:01][INFO] Add to history: E:\EDA_Race\Cangku\new\SigFlow_FPGA\examples\tracebridge_tangnano9k
[13:13:14][INFO] Application started
[13:13:18][INFO] Opening project: E:\EDA_Race\Cangku\new\SigFlow_FPGA\examples\tracebridge_tangnano9k
[13:13:18][INFO] Add to history: E:\EDA_Race\Cangku\new\SigFlow_FPGA\examples\tracebridge_tangnano9k
[15:03:52][INFO] Application started
[15:34:50][INFO] Opening project: E:\EDA_Race\Cangku\new\SigFlow_FPGA\examples\tracebridge_tangnano9k
[15:34:50][INFO] Add to history: E:\EDA_Race\Cangku\new\SigFlow_FPGA\examples\tracebridge_tangnano9k
[16:05:38][INFO] Application started
[16:05:42][INFO] Opening project: E:\EDA_Race\Cangku\new\SigFlow_FPGA\examples\tracebridge_tangnano9k
[16:05:42][INFO] Add to history: E:\EDA_Race\Cangku\new\SigFlow_FPGA\examples\tracebridge_tangnano9k
[20:04:51][INFO] Application started
[20:07:56][INFO] Opening project: E:\EDA_Race\Cangku\new\SigFlow_FPGA\examples\tracebridge_tangnano9k
[20:07:56][INFO] Add to history: E:\EDA_Race\Cangku\new\SigFlow_FPGA\examples\tracebridge_tangnano9k
